Archive member included to satisfy reference by file (symbol)

/opt/riscv/bin/../lib/gcc/riscv-none-elf/14.3.0/../../../../riscv-none-elf/lib/rv32imc/ilp32/libc.a(libc_a-ctype_.o)
                              ../crypto_cli/build/neorv32_uart.c.o (_ctype_)
/opt/riscv/bin/../lib/gcc/riscv-none-elf/14.3.0/../../../../riscv-none-elf/lib/rv32imc/ilp32/libc.a(libc_a-snprintf.o)
                              build/tasks.c.o (snprintf)
/opt/riscv/bin/../lib/gcc/riscv-none-elf/14.3.0/../../../../riscv-none-elf/lib/rv32imc/ilp32/libc.a(libc_a-strncmp.o)
                              build/FreeRTOS_CLI.c.o (strncmp)
/opt/riscv/bin/../lib/gcc/riscv-none-elf/14.3.0/../../../../riscv-none-elf/lib/rv32imc/ilp32/libc.a(libc_a-strncpy.o)
                              build/FreeRTOS_CLI.c.o (strncpy)
/opt/riscv/bin/../lib/gcc/riscv-none-elf/14.3.0/../../../../riscv-none-elf/lib/rv32imc/ilp32/libc.a(libc_a-reent.o)
                              ../crypto_cli/build/neorv32_newlib.c.o (errno)
/opt/riscv/bin/../lib/gcc/riscv-none-elf/14.3.0/../../../../riscv-none-elf/lib/rv32imc/ilp32/libc.a(libc_a-impure.o)
                              /opt/riscv/bin/../lib/gcc/riscv-none-elf/14.3.0/../../../../riscv-none-elf/lib/rv32imc/ilp32/libc.a(libc_a-snprintf.o) (_impure_ptr)
/opt/riscv/bin/../lib/gcc/riscv-none-elf/14.3.0/../../../../riscv-none-elf/lib/rv32imc/ilp32/libc.a(libc_a-memset.o)
                              build/tasks.c.o (memset)
/opt/riscv/bin/../lib/gcc/riscv-none-elf/14.3.0/../../../../riscv-none-elf/lib/rv32imc/ilp32/libc.a(libc_a-memcpy.o)
                              build/queue.c.o (memcpy)
/opt/riscv/bin/../lib/gcc/riscv-none-elf/14.3.0/../../../../riscv-none-elf/lib/rv32imc/ilp32/libc.a(libc_a-strlen.o)
                              build/FreeRTOS_CLI.c.o (strlen)
/opt/riscv/bin/../lib/gcc/riscv-none-elf/14.3.0/../../../../riscv-none-elf/lib/rv32imc/ilp32/libc.a(libc_a-strcpy.o)
                              build/tasks.c.o (strcpy)
/opt/riscv/bin/../lib/gcc/riscv-none-elf/14.3.0/../../../../riscv-none-elf/lib/rv32imc/ilp32/libc.a(libc_a-freer.o)
                              /opt/riscv/bin/../lib/gcc/riscv-none-elf/14.3.0/../../../../riscv-none-elf/lib/rv32imc/ilp32/libc.a(libc_a-reent.o) (_free_r)
/opt/riscv/bin/../lib/gcc/riscv-none-elf/14.3.0/../../../../riscv-none-elf/lib/rv32imc/ilp32/libc.a(libc_a-mallocr.o)
                              /opt/riscv/bin/../lib/gcc/riscv-none-elf/14.3.0/../../../../riscv-none-elf/lib/rv32imc/ilp32/libc.a(libc_a-freer.o) (__malloc_av_)
/opt/riscv/bin/../lib/gcc/riscv-none-elf/14.3.0/../../../../riscv-none-elf/lib/rv32imc/ilp32/libc.a(libc_a-mlock.o)
                              /opt/riscv/bin/../lib/gcc/riscv-none-elf/14.3.0/../../../../riscv-none-elf/lib/rv32imc/ilp32/libc.a(libc_a-freer.o) (__malloc_lock)
/opt/riscv/bin/../lib/gcc/riscv-none-elf/14.3.0/../../../../riscv-none-elf/lib/rv32imc/ilp32/libc.a(libc_a-svfprintf.o)
                              /opt/riscv/bin/../lib/gcc/riscv-none-elf/14.3.0/../../../../riscv-none-elf/lib/rv32imc/ilp32/libc.a(libc_a-snprintf.o) (_svfprintf_r)
/opt/riscv/bin/../lib/gcc/riscv-none-elf/14.3.0/../../../../riscv-none-elf/lib/rv32imc/ilp32/libc.a(libc_a-ssprint_r.o)
                              /opt/riscv/bin/../lib/gcc/riscv-none-elf/14.3.0/../../../../riscv-none-elf/lib/rv32imc/ilp32/libc.a(libc_a-svfprintf.o) (__ssprint_r)
/opt/riscv/bin/../lib/gcc/riscv-none-elf/14.3.0/../../../../riscv-none-elf/lib/rv32imc/ilp32/libc.a(libc_a-findfp.o)
                              /opt/riscv/bin/../lib/gcc/riscv-none-elf/14.3.0/../../../../riscv-none-elf/lib/rv32imc/ilp32/libc.a(libc_a-impure.o) (__sf)
/opt/riscv/bin/../lib/gcc/riscv-none-elf/14.3.0/../../../../riscv-none-elf/lib/rv32imc/ilp32/libc.a(libc_a-fwalk.o)
                              /opt/riscv/bin/../lib/gcc/riscv-none-elf/14.3.0/../../../../riscv-none-elf/lib/rv32imc/ilp32/libc.a(libc_a-findfp.o) (_fwalk_sglue)
/opt/riscv/bin/../lib/gcc/riscv-none-elf/14.3.0/../../../../riscv-none-elf/lib/rv32imc/ilp32/libc.a(libc_a-stdio.o)
                              /opt/riscv/bin/../lib/gcc/riscv-none-elf/14.3.0/../../../../riscv-none-elf/lib/rv32imc/ilp32/libc.a(libc_a-findfp.o) (__sread)
/opt/riscv/bin/../lib/gcc/riscv-none-elf/14.3.0/../../../../riscv-none-elf/lib/rv32imc/ilp32/libc.a(libc_a-memchr.o)
                              /opt/riscv/bin/../lib/gcc/riscv-none-elf/14.3.0/../../../../riscv-none-elf/lib/rv32imc/ilp32/libc.a(libc_a-svfprintf.o) (memchr)
/opt/riscv/bin/../lib/gcc/riscv-none-elf/14.3.0/../../../../riscv-none-elf/lib/rv32imc/ilp32/libc.a(libc_a-locale.o)
                              /opt/riscv/bin/../lib/gcc/riscv-none-elf/14.3.0/../../../../riscv-none-elf/lib/rv32imc/ilp32/libc.a(libc_a-svfprintf.o) (__global_locale)
/opt/riscv/bin/../lib/gcc/riscv-none-elf/14.3.0/../../../../riscv-none-elf/lib/rv32imc/ilp32/libc.a(libc_a-localeconv.o)
[...]
Memory Configuration

Name             Origin             Length             Attributes
rom              0x00000000         0x00004000         xr
ram              0x80000000         0x00002000         xrw
*default*        0x00000000         0xffffffff

Linker script and memory map

LOAD build/FreeRTOS_CLI.c.o
LOAD build/main.c.o
LOAD build/rtos_memory.c.o
LOAD build/tasks.c.o
LOAD build/queue.c.o
LOAD build/list.c.o
LOAD build/timers.c.o
LOAD build/event_groups.c.o
LOAD build/port.c.o
LOAD build/portASM.S.o
LOAD build/heap_4.c.o
LOAD ../de2shell/build/hello.c.o
LOAD /tmp/cciLCcLh.ltrans0.ltrans.o
LOAD /tmp/cc0r9EM8.debug.temp.o
LOAD /tmp/ccIFCh6K.debug.temp.o
LOAD /tmp/ccqQHs6x.debug.temp.o
LOAD /tmp/ccfgcJK6.debug.temp.o
LOAD /tmp/ccktapcu.debug.temp.o
LOAD /tmp/cc7oHm18.debug.temp.o
LOAD /tmp/ccxzZcV7.debug.temp.o
LOAD /tmp/ccNjM8qe.debug.temp.o
LOAD /tmp/cce3Eq7u.debug.temp.o
LOAD /tmp/ccZzWRq2.debug.temp.o
LOAD /tmp/cc5KY4FV.debug.temp.o
LOAD /tmp/cctsBQhK.debug.temp.o
LOAD /tmp/cclhBlcX.debug.temp.o
LOAD /tmp/ccHu3DsW.debug.temp.o
LOAD ../de2shell/build/memtest.c.o
LOAD ../de2shell/build/crypto.c.o
LOAD ../de2shell/build/ps2.c.o
LOAD ../de2shell/build/snake.c.o
LOAD ../de2shell/build/life.c.o
LOAD ../de2shell/build/info.c.o
LOAD ../de2shell/build/monitor.c.o
LOAD ../de2shell/build/demo.c.o
LOAD build/fb_hal.c.o
LOAD build/gfx.c.o
LOAD build/gui.c.o
LOAD build/gui_widgets.c.o
LOAD build/win30_desk.c.o
LOAD ../de2shell/build/ps2_decoder.c.o
LOAD ../de2shell/build/vga_hal.c.o
LOAD ../de2shell/build/gpio_hal.c.o
LOAD ../de2shell/build/board_status.c.o
LOAD ../de2shell/build/lcd_hal.c.o
LOAD ../crypto_cli/build/crypto_aes.c.o
LOAD ../crypto_cli/build/crypto_sha.c.o
LOAD ../crypto_cli/build/crypto_sm.c.o
LOAD ../crypto_cli/build/neorv32_aux.c.o
LOAD ../crypto_cli/build/neorv32_cfs.c.o
LOAD ../crypto_cli/build/neorv32_clint.c.o
LOAD ../crypto_cli/build/neorv32_cpu.c.o
LOAD ../crypto_cli/build/neorv32_dma.c.o
LOAD ../crypto_cli/build/neorv32_gpio.c.o
LOAD ../crypto_cli/build/neorv32_gptmr.c.o
LOAD ../crypto_cli/build/neorv32_neoled.c.o
LOAD ../crypto_cli/build/neorv32_newlib.c.o
LOAD ../crypto_cli/build/neorv32_onewire.c.o
LOAD ../crypto_cli/build/neorv32_pwm.c.o
LOAD ../crypto_cli/build/neorv32_rte.c.o
LOAD ../crypto_cli/build/neorv32_sdi.c.o
LOAD ../crypto_cli/build/neorv32_semihosting.c.o
LOAD ../crypto_cli/build/neorv32_slink.c.o
LOAD ../crypto_cli/build/neorv32_smp.c.o
LOAD ../crypto_cli/build/neorv32_spi.c.o
LOAD ../crypto_cli/build/neorv32_tracer.c.o
LOAD ../crypto_cli/build/neorv32_trng.c.o
LOAD ../crypto_cli/build/neorv32_twd.c.o
LOAD ../crypto_cli/build/neorv32_twi.c.o
LOAD ../crypto_cli/build/neorv32_uart.c.o
LOAD ../crypto_cli/build/neorv32_wdt.c.o
LOAD ../crypto_cli/build/crt0.S.o
LOAD /opt/riscv/bin/../lib/gcc/riscv-none-elf/14.3.0/../../../../riscv-none-elf/lib/rv32imc/ilp32/libm.a
LOAD /opt/riscv/bin/../lib/gcc/riscv-none-elf/14.3.0/../../../../riscv-none-elf/lib/rv32imc/ilp32/libc.a
LOAD /opt/riscv/bin/../lib/gcc/riscv-none-elf/14.3.0/rv32imc/ilp32/libgcc.a
LOAD /opt/riscv/bin/../lib/gcc/riscv-none-elf/14.3.0/rv32imc/ilp32/libgcc.a
START GROUP
LOAD /opt/riscv/bin/../lib/gcc/riscv-none-elf/14.3.0/../../../../riscv-none-elf/lib/rv32imc/ilp32/libc.a
LOAD /opt/riscv/bin/../lib/gcc/riscv-none-elf/14.3.0/../../../../riscv-none-elf/lib/rv32imc/ilp32/libgloss.a
END GROUP
LOAD /opt/riscv/bin/../lib/gcc/riscv-none-elf/14.3.0/rv32imc/ilp32/libgcc.a
                0x00000000                        __neorv32_heap_size = DEFINED (__neorv32_heap_size)?__neorv32_heap_size:0x0
                0x00004000                        __neorv32_rom_size = DEFINED (__neorv32_rom_size)?__neorv32_rom_size:0x4000
                0x00002000                        __neorv32_ram_size = DEFINED (__neorv32_ram_size)?__neorv32_ram_size:0x2000
                0x00000000                        __neorv32_rom_base = DEFINED (__neorv32_rom_base)?__neorv32_rom_base:0x0
                0x80000000                        __neorv32_ram_base = DEFINED (__neorv32_ram_base)?__neorv32_ram_base:0x80000000

.text           0x00000000    0x17c48
                [!provide]                        PROVIDE (__text_start = .)
 *(.text.crt0)
 .text.crt0     0x00000000      0x17c ../crypto_cli/build/crt0.S.o
                0x00000000                _start
                0x00000000                __crt0_entry
                0x00000126                __crt0_main_exit
                0x0000016c                __crt0_halt_primary
                0x0000016e                __crt0_halt
                0x00000174                __crt0_panic
 *(.text .text* .text.* .gnu.linkonce.t.*)
 .text.prvHelpCommand
                0x0000017c       0x34 build/FreeRTOS_CLI.c.o
 .text.FreeRTOS_CLIRegisterCommand
                0x000001b0       0x4a build/FreeRTOS_CLI.c.o
                0x000001b0                FreeRTOS_CLIRegisterCommand
 .text.FreeRTOS_CLIProcessCommand
                0x000001fa       0xe4 build/FreeRTOS_CLI.c.o
                0x000001fa                FreeRTOS_CLIProcessCommand
 .text.strcpy_local
                0x000002de       0x1e build/main.c.o
 .text.cli_hello
                0x000002fc       0x1e build/main.c.o
 .text.cli_memtest
                0x0000031a       0x1e build/main.c.o
 .text.cli_crypto
                0x00000338       0x1e build/main.c.o
 .text.cli_ps2  0x00000356       0x1e build/main.c.o
 .text.cli_snake
                0x00000374       0x1e build/main.c.o
 .text.cli_life
                0x00000392       0x1e build/main.c.o
 .text.cli_info
                0x000003b0       0x1e build/main.c.o
 .text.cli_monitor
                0x000003ce       0x1e build/main.c.o
 .text.cli_expdemo
                0x000003ec       0x1e build/main.c.o
 .text.cli_startui
                0x0000040a       0x1e build/main.c.o
 .text.t_status
                0x00000428       0xd6 build/main.c.o
 .text.t_uart_input
                0x000004fe       0x74 build/main.c.o
 .text.shell_init_screen
                0x00000572       0x74 build/main.c.o
 .text.exit_active_program
                0x000005e6       0x22 build/main.c.o
 .text.t_active_prog
                0x00000608       0xd6 build/main.c.o
 .text.cli_cpustat
                0x000006de       0x14 build/main.c.o
 .text.cli_stats
                0x000006f2       0x14 build/main.c.o
 .text.utoa_local.part.0
                0x00000706       0x4c build/main.c.o
 .text.cli_heapstat
                0x00000752       0x80 build/main.c.o
 .text.t_shell  0x000007d2      0x26a build/main.c.o
 .text.freertos_risc_v_application_interrupt_handler
                0x00000a3c        0x2 build/main.c.o
                0x00000a3c                freertos_risc_v_application_interrupt_handler
 .text.freertos_risc_v_application_exception_handler
                0x00000a3e       0x14 build/main.c.o
                0x00000a3e                freertos_risc_v_application_exception_handler
 .text.vApplicationMallocFailedHook
                0x00000a52       0x14 build/main.c.o
                0x00000a52                vApplicationMallocFailedHook
 .text.vApplicationStackOverflowHook
                0x00000a66       0x30 build/main.c.o
                0x00000a66                vApplicationStackOverflowHook
 .text.vApplicationIdleHook
                0x00000a96       0x10 build/main.c.o
                0x00000a96                vApplicationIdleHook
 .text.startup.main
                0x00000aa6      0x202 build/main.c.o
                0x00000aa6                main
 .text.prvAddCurrentTaskToDelayedList
                0x00000ca8       0xea build/tasks.c.o
 .text.prvWriteNameToBuffer
                0x00000d92       0x48 build/tasks.c.o
 .text.prvResetNextTaskUnblockTime
                0x00000dda       0x22 build/tasks.c.o
 .text.prvCheckTasksWaitingTermination
                0x00000dfc       0x84 build/tasks.c.o
 .text.prvIdleTask
                0x00000e80       0x24 build/tasks.c.o
 .text.xTaskCreate
                0x00000ea4      0x232 build/tasks.c.o
                0x00000ea4                xTaskCreate
 .text.vTaskDelete
                0x000010d6      0x11a build/tasks.c.o
                0x000010d6                vTaskDelete
 .text.eTaskGetState
                0x000011f0       0x90 build/tasks.c.o
                0x000011f0                eTaskGetState
 .text.vTaskStartScheduler
                0x00001280       0x72 build/tasks.c.o
                0x00001280                vTaskStartScheduler
 .text.vTaskSuspendAll
                0x000012f2       0x10 build/tasks.c.o
                0x000012f2                vTaskSuspendAll
 .text.xTaskGetTickCount
                0x00001302        0xa build/tasks.c.o
                0x00001302                xTaskGetTickCount
 .text.xTaskIncrementTick
                0x0000130c      0x17a build/tasks.c.o
                0x0000130c                xTaskIncrementTick
 .text.xTaskResumeAll
                0x00001486      0x15c build/tasks.c.o
                0x00001486                xTaskResumeAll
 .text.vTaskDelay
                0x000015e2       0x3a build/tasks.c.o
                0x000015e2                vTaskDelay
 .text.vTaskSwitchContext
                0x0000161c       0xca build/tasks.c.o
                0x0000161c                vTaskSwitchContext
 .text.vTaskPlaceOnEventList
                0x000016e6       0x2c build/tasks.c.o
                0x000016e6                vTaskPlaceOnEventList
 .text.xTaskRemoveFromEventList
                0x00001712       0xca build/tasks.c.o
                0x00001712                xTaskRemoveFromEventList
 .text.vTaskInternalSetTimeOutState
                0x000017dc       0x16 build/tasks.c.o
                0x000017dc                vTaskInternalSetTimeOutState
 .text.xTaskCheckForTimeOut
                0x000017f2       0x7c build/tasks.c.o
                0x000017f2                xTaskCheckForTimeOut
 .text.vTaskMissedYield
                0x0000186e        0xc build/tasks.c.o
                0x0000186e                vTaskMissedYield
 .text.xTaskGetSchedulerState
                0x0000187a       0x1c build/tasks.c.o
                0x0000187a                xTaskGetSchedulerState
 .text.xTaskPriorityInherit
                0x00001896       0xd6 build/tasks.c.o
                0x00001896                xTaskPriorityInherit
 .text.xTaskPriorityDisinherit
                0x0000196c       0xac build/tasks.c.o
                0x0000196c                xTaskPriorityDisinherit
 .text.vTaskPriorityDisinheritAfterTimeout
                0x00001a18       0xd4 build/tasks.c.o
                0x00001a18                vTaskPriorityDisinheritAfterTimeout
 .text.pvTaskIncrementMutexHeldCount
                0x00001aec       0x12 build/tasks.c.o
                0x00001aec                pvTaskIncrementMutexHeldCount
 .text.ulTaskGetRunTimeCounter
                0x00001afe       0x40 build/tasks.c.o
                0x00001afe                ulTaskGetRunTimeCounter
 .text.vTaskGetInfo
                0x00001b3e       0xd8 build/tasks.c.o
                0x00001b3e                vTaskGetInfo
 .text.prvListTasksWithinSingleList
                0x00001c16       0x50 build/tasks.c.o
 .text.uxTaskGetSystemState
                0x00001c66       0xce build/tasks.c.o
                0x00001c66                uxTaskGetSystemState
 .text.vTaskListTasks
                0x00001d34      0x108 build/tasks.c.o
                0x00001d34                vTaskListTasks
 .text.vTaskGetRunTimeStatistics
                0x00001e3c      0x118 build/tasks.c.o
                0x00001e3c                vTaskGetRunTimeStatistics
 .text.prvIsQueueEmpty
                0x00001f54       0x16 build/queue.c.o
 .text.prvCopyDataToQueue
                0x00001f6a       0x82 build/queue.c.o
 .text.prvCopyDataFromQueue
                0x00001fec       0x20 build/queue.c.o
 .text.prvUnlockQueue
                0x0000200c       0xc0 build/queue.c.o
 .text.xQueueGenericReset
                0x000020cc       0x92 build/queue.c.o
                0x000020cc                xQueueGenericReset
 .text.xQueueGenericCreate
                0x0000215e       0x68 build/queue.c.o
                0x0000215e                xQueueGenericCreate
 .text.xQueueGenericSend
                0x000021c6      0x16a build/queue.c.o
                0x000021c6                xQueueGenericSend
 .text.xQueueCreateMutex
                0x00002330       0x30 build/queue.c.o
                0x00002330                xQueueCreateMutex
 .text.xQueueReceive
                0x00002360      0x148 build/queue.c.o
                0x00002360                xQueueReceive
 .text.xQueueSemaphoreTake
                0x000024a8      0x1a0 build/queue.c.o
                0x000024a8                xQueueSemaphoreTake
 .text.vListInitialise
                0x00002648       0x14 build/list.c.o
                0x00002648                vListInitialise
 .text.vListInitialiseItem
                0x0000265c        0x6 build/list.c.o
                0x0000265c                vListInitialiseItem
 .text.vListInsertEnd
                0x00002662       0x16 build/list.c.o
                0x00002662                vListInsertEnd
 .text.vListInsert
                0x00002678       0x2e build/list.c.o
                0x00002678                vListInsert
 .text.uxListRemove
                0x000026a6       0x1e build/list.c.o
                0x000026a6                uxListRemove
 .text.vPortSetupTimerInterrupt
                0x000026c4       0x6a build/port.c.o
                0x000026c4                vPortSetupTimerInterrupt
 .text.xPortStartScheduler
                0x0000272e       0x2e build/port.c.o
                0x0000272e                xPortStartScheduler
 .text          0x0000275c       0xbe build/portASM.S.o
                0x0000275c                pxPortInitialiseStack
                0x000027a4                xPortStartFirstTask
 *fill*         0x0000281a       0xe6 
 .text.freertos_risc_v_trap_handler
                0x00002900      0x1e2 build/portASM.S.o
                0x00002900                freertos_risc_v_trap_handler
 .text.pvPortMalloc
                0x00002ae2      0x198 build/heap_4.c.o
                0x00002ae2                pvPortMalloc
 .text.vPortFree
                0x00002c7a       0xe8 build/heap_4.c.o
                0x00002c7a                vPortFree
 .text.xPortGetFreeHeapSize
                0x00002d62        0xa build/heap_4.c.o
                0x00002d62                xPortGetFreeHeapSize
 .text.xPortGetMinimumEverFreeHeapSize
                0x00002d6c        0xa build/heap_4.c.o
                0x00002d6c                xPortGetMinimumEverFreeHeapSize
 .text.input.lto_priv.0
                0x00002d76       0x18 /tmp/cciLCcLh.ltrans0.ltrans.o
 .text.finish.lto_priv.0
                0x00002d8e        0xa /tmp/cciLCcLh.ltrans0.ltrans.o
 .text.hex_digit.lto_priv.0
                0x00002d98       0x16 /tmp/cciLCcLh.ltrans0.ltrans.o
 .text.record_fail
                0x00002dae       0x30 /tmp/cciLCcLh.ltrans0.ltrans.o
 .text.finish.lto_priv.1
                0x00002dde        0xa /tmp/cciLCcLh.ltrans0.ltrans.o
 .text.strcmp.lto_priv.0
                0x00002de8       0x1a /tmp/cciLCcLh.ltrans0.ltrans.o
 .text.hex_decode
                0x00002e02       0xac /tmp/cciLCcLh.ltrans0.ltrans.o
 .text.history_load.lto_priv.0
                0x00002eae       0x34 /tmp/cciLCcLh.ltrans0.ltrans.o
 .text.update.lto_priv.2
                0x00002ee2        0x2 /tmp/cciLCcLh.ltrans0.ltrans.o
 .text.finish.lto_priv.2
                0x00002ee4        0xa /tmp/cciLCcLh.ltrans0.ltrans.o
 .text.ps2_send_host_byte
                0x00002eee       0x66 /tmp/cciLCcLh.ltrans0.ltrans.o
 .text.finish.lto_priv.3
                0x00002f54        0xa /tmp/cciLCcLh.ltrans0.ltrans.o
 .text.place_food
                0x00002f5e       0x90 /tmp/cciLCcLh.ltrans0.ltrans.o
 .text.input.lto_priv.4
                0x00002fee       0xaa /tmp/cciLCcLh.ltrans0.ltrans.o
 .text.finish.lto_priv.4
                0x00003098        0xe /tmp/cciLCcLh.ltrans0.ltrans.o
 .text.grid_clear
                0x000030a6       0x22 /tmp/cciLCcLh.ltrans0.ltrans.o
 .text.place    0x000030c8       0x50 /tmp/cciLCcLh.ltrans0.ltrans.o
 .text.grid_glider
                0x00003118       0x1a /tmp/cciLCcLh.ltrans0.ltrans.o
 .text.move_cursor
                0x00003132       0x32 /tmp/cciLCcLh.ltrans0.ltrans.o
 .text.finish.lto_priv.5
                0x00003164        0xe /tmp/cciLCcLh.ltrans0.ltrans.o
 .text.input.lto_priv.6
                0x00003172       0x18 /tmp/cciLCcLh.ltrans0.ltrans.o
 .text.ir_input.lto_priv.0
                0x0000318a        0x2 /tmp/cciLCcLh.ltrans0.ltrans.o
 .text.finish.lto_priv.6
                0x0000318c        0xa /tmp/cciLCcLh.ltrans0.ltrans.o
 .text.parse_hex
                0x00003196       0x6a /tmp/cciLCcLh.ltrans0.ltrans.o
 .text.history_load.lto_priv.1
                0x00003200       0x34 /tmp/cciLCcLh.ltrans0.ltrans.o
 .text.update   0x00003234        0x2 /tmp/cciLCcLh.ltrans0.ltrans.o
 .text.finish.lto_priv.7
                0x00003236        0xe /tmp/cciLCcLh.ltrans0.ltrans.o
 .text.valid_channel
                0x00003244       0x22 /tmp/cciLCcLh.ltrans0.ltrans.o
 .text.fill_spaces.lto_priv.0
                0x00003266       0x18 /tmp/cciLCcLh.ltrans0.ltrans.o
 .text.copy_line16
                0x0000327e       0x20 /tmp/cciLCcLh.ltrans0.ltrans.o
 .text.reset_exp12_history
                0x0000329e       0x34 /tmp/cciLCcLh.ltrans0.ltrans.o
 .text.reset_exp9_history
                0x000032d2       0x3a /tmp/cciLCcLh.ltrans0.ltrans.o
 .text.enter_menu
                0x0000330c       0x34 /tmp/cciLCcLh.ltrans0.ltrans.o
 .text.exit_demo
                0x00003340       0x3c /tmp/cciLCcLh.ltrans0.ltrans.o
 .text.build_exp13_window_line
                0x0000337c       0x30 /tmp/cciLCcLh.ltrans0.ltrans.o
 .text.accept_digit
                0x000033ac       0x28 /tmp/cciLCcLh.ltrans0.ltrans.o
 .text.accept_enter
                0x000033d4       0x78 /tmp/cciLCcLh.ltrans0.ltrans.o
 .text.input.lto_priv.8
                0x0000344c       0xe6 /tmp/cciLCcLh.ltrans0.ltrans.o
 .text.ir_input.lto_priv.1
                0x00003532       0xce /tmp/cciLCcLh.ltrans0.ltrans.o
 .text.finish.lto_priv.8
                0x00003600        0xe /tmp/cciLCcLh.ltrans0.ltrans.o
 .text.hw_cursor_sync
                0x0000360e       0x22 /tmp/cciLCcLh.ltrans0.ltrans.o
 .text.write_text.lto_priv.1
                0x00003630       0x20 /tmp/cciLCcLh.ltrans0.ltrans.o
 .text.lcd_copy_16
                0x00003650       0x38 /tmp/cciLCcLh.ltrans0.ltrans.o
 .text.write_text.constprop.0
                0x00003688       0x20 /tmp/cciLCcLh.ltrans0.ltrans.o
 .text.strncmp.constprop.0
                0x000036a8       0x2c /tmp/cciLCcLh.ltrans0.ltrans.o
 .text.bench_reset_now
                0x000036d4       0x18 /tmp/cciLCcLh.ltrans0.ltrans.o
 .text.bench_cycles_now
                0x000036ec       0x16 /tmp/cciLCcLh.ltrans0.ltrans.o
 .text.trng_bytes
                0x00003702       0x22 /tmp/cciLCcLh.ltrans0.ltrans.o
 .text.serial_putu
                0x00003724       0x58 /tmp/cciLCcLh.ltrans0.ltrans.o
 .text.board_status_uptime_seconds
                0x0000377c       0x20 /tmp/cciLCcLh.ltrans0.ltrans.o
 .text.lcd_delay_ms
                0x0000379c        0xa /tmp/cciLCcLh.ltrans0.ltrans.o
 .text.lcd_write_cmd
                0x000037a6        0xa /tmp/cciLCcLh.ltrans0.ltrans.o
 .text.lcd_write_line
                0x000037b0       0x5c /tmp/cciLCcLh.ltrans0.ltrans.o
 .text.lcd_status
                0x0000380c       0x78 /tmp/cciLCcLh.ltrans0.ltrans.o
 .text.lcd_render_program
                0x00003884      0x140 /tmp/cciLCcLh.ltrans0.ltrans.o
 .text.vga_row  0x000039c4        0xa /tmp/cciLCcLh.ltrans0.ltrans.o
                0x000039c4                vga_row
 .text.vga_col  0x000039ce        0xa /tmp/cciLCcLh.ltrans0.ltrans.o
                0x000039ce                vga_col
 .text.ps2_dec_init
                0x000039d8       0x4a /tmp/cciLCcLh.ltrans0.ltrans.o
                0x000039d8                ps2_dec_init
 .text.ps2_dec_feed
                0x00003a22      0x80a /tmp/cciLCcLh.ltrans0.ltrans.o
                0x00003a22                ps2_dec_feed
 .text.ps2_dec_shift
                0x0000422c       0x18 /tmp/cciLCcLh.ltrans0.ltrans.o
                0x0000422c                ps2_dec_shift
 .text.vga_init
                0x00004244       0x3c /tmp/cciLCcLh.ltrans0.ltrans.o
                0x00004244                vga_init
 .text.vga_putc
                0x00004280       0xec /tmp/cciLCcLh.ltrans0.ltrans.o
                0x00004280                vga_putc
 .text.put_hex32_color
                0x0000436c       0x2e /tmp/cciLCcLh.ltrans0.ltrans.o
 .text.put_dec  0x0000439a       0x54 /tmp/cciLCcLh.ltrans0.ltrans.o
 .text.put_hex32.lto_priv.0
                0x000043ee       0x2e /tmp/cciLCcLh.ltrans0.ltrans.o
 .text.put_hex8.lto_priv.0
                0x0000441c       0x2e /tmp/cciLCcLh.ltrans0.ltrans.o
 .text.put_hex16.constprop.0
                0x0000444a       0x20 /tmp/cciLCcLh.ltrans0.ltrans.o
 .text.put_hex32.constprop.0
                0x0000446a       0x1a /tmp/cciLCcLh.ltrans0.ltrans.o
 .text.put_dec_u8
                0x00004484       0x6a /tmp/cciLCcLh.ltrans0.ltrans.o
 .text.vga_puthex32
                0x000044ee       0xac /tmp/cciLCcLh.ltrans0.ltrans.o
 .text.put_bits.constprop.0
                0x0000459a       0x2e /tmp/cciLCcLh.ltrans0.ltrans.o
 .text.put_hex_buf.constprop.0
                0x000045c8       0x42 /tmp/cciLCcLh.ltrans0.ltrans.o
 .text.vga_puts
                0x0000460a       0x1c /tmp/cciLCcLh.ltrans0.ltrans.o
                0x0000460a                vga_puts
 .text.prompt.lto_priv.0
                0x00004626        0xe /tmp/cciLCcLh.ltrans0.ltrans.o
 .text.redraw_input_line.lto_priv.0
                0x00004634       0x8e /tmp/cciLCcLh.ltrans0.ltrans.o
 .text.bench_print_line
                0x000046c2       0xba /tmp/cciLCcLh.ltrans0.ltrans.o
 .text.prompt.lto_priv.1
                0x0000477c        0xe /tmp/cciLCcLh.ltrans0.ltrans.o
 .text.redraw_input_line.lto_priv.1
                0x0000478a       0x8e /tmp/cciLCcLh.ltrans0.ltrans.o
 .text.cmd_sm3_hash.isra.0
                0x00004818       0x68 /tmp/cciLCcLh.ltrans0.ltrans.o
 .text.cmd_sha512_hash.isra.0
                0x00004880       0x68 /tmp/cciLCcLh.ltrans0.ltrans.o
 .text.cmd_sha256_hash.isra.0
                0x000048e8       0x68 /tmp/cciLCcLh.ltrans0.ltrans.o
 .text.vga_goto
                0x00004950       0x78 /tmp/cciLCcLh.ltrans0.ltrans.o
                0x00004950                vga_goto
 .text.update.lto_priv.1
                0x000049c8      0x3b6 /tmp/cciLCcLh.ltrans0.ltrans.o
 .text.update.lto_priv.4
                0x00004d7e      0x232 /tmp/cciLCcLh.ltrans0.ltrans.o
 .text.draw_grid
                0x00004fb0       0x86 /tmp/cciLCcLh.ltrans0.ltrans.o
 .text.vga_clear
                0x00005036       0x42 /tmp/cciLCcLh.ltrans0.ltrans.o
                0x00005036                vga_clear
 .text.init.lto_priv.0
                0x00005078       0x8c /tmp/cciLCcLh.ltrans0.ltrans.o
 .text.init.lto_priv.1
                0x00005104      0x134 /tmp/cciLCcLh.ltrans0.ltrans.o
 .text.input.lto_priv.1
                0x00005238       0x26 /tmp/cciLCcLh.ltrans0.ltrans.o
 .text.draw_page
                0x0000525e       0x62 /tmp/cciLCcLh.ltrans0.ltrans.o
 .text.ensure_lines_available
                0x000052c0       0x16 /tmp/cciLCcLh.ltrans0.ltrans.o
 .text.cmd_bench.isra.0
                0x000052d6      0x46a /tmp/cciLCcLh.ltrans0.ltrans.o
 .text.input.lto_priv.2
                0x00005740      0x654 /tmp/cciLCcLh.ltrans0.ltrans.o
 .text.init.lto_priv.2
                0x00005d94       0x46 /tmp/cciLCcLh.ltrans0.ltrans.o
 .text.log_maybe_roll
                0x00005dda       0x42 /tmp/cciLCcLh.ltrans0.ltrans.o
 .text.log_puts
                0x00005e1c       0x1c /tmp/cciLCcLh.ltrans0.ltrans.o
 .text.log_put_dec_u8.constprop.0
                0x00005e38       0x96 /tmp/cciLCcLh.ltrans0.ltrans.o
 .text.log_put_hex8.constprop.0
                0x00005ece       0x36 /tmp/cciLCcLh.ltrans0.ltrans.o
 .text.print_status
                0x00005f04       0xf6 /tmp/cciLCcLh.ltrans0.ltrans.o
 .text.ps2_sync_leds.isra.0
                0x00005ffa       0xc0 /tmp/cciLCcLh.ltrans0.ltrans.o
 .text.update.lto_priv.3
                0x000060ba      0xf3c /tmp/cciLCcLh.ltrans0.ltrans.o
 .text.init.lto_priv.3
                0x00006ff6       0xa6 /tmp/cciLCcLh.ltrans0.ltrans.o
 .text.input.lto_priv.3
                0x0000709c       0x26 /tmp/cciLCcLh.ltrans0.ltrans.o
 .text.init.lto_priv.4
                0x000070c2      0x136 /tmp/cciLCcLh.ltrans0.ltrans.o
 .text.init.lto_priv.6
                0x000071f8       0xb8 /tmp/cciLCcLh.ltrans0.ltrans.o
 .text.draw_header
                0x000072b0       0x4a /tmp/cciLCcLh.ltrans0.ltrans.o
 .text.init.lto_priv.7
                0x000072fa       0x40 /tmp/cciLCcLh.ltrans0.ltrans.o
 .text.input.lto_priv.7
                0x0000733a      0x8ae /tmp/cciLCcLh.ltrans0.ltrans.o
 .text.redraw.lto_priv.1
                0x00007be8     0x13c4 /tmp/cciLCcLh.ltrans0.ltrans.o
 .text.init.lto_priv.8
                0x00008fac       0x3c /tmp/cciLCcLh.ltrans0.ltrans.o
 .text.update.lto_priv.8
                0x00008fe8      0x1cc /tmp/cciLCcLh.ltrans0.ltrans.o
 .text.board_status_init
                0x000091b4       0x90 /tmp/cciLCcLh.ltrans0.ltrans.o
                0x000091b4                board_status_init
 .text.board_status_set_program
                0x00009244       0x56 /tmp/cciLCcLh.ltrans0.ltrans.o
                0x00009244                board_status_set_program
 .text.update.lto_priv.0
                0x0000929a      0x154 /tmp/cciLCcLh.ltrans0.ltrans.o
 .text.draw_hud
                0x000093ee      0x18c /tmp/cciLCcLh.ltrans0.ltrans.o
 .text.init.lto_priv.5
                0x0000957a       0xea /tmp/cciLCcLh.ltrans0.ltrans.o
 .text.update.lto_priv.5
                0x00009664       0xf8 /tmp/cciLCcLh.ltrans0.ltrans.o
 .text.input.lto_priv.5
                0x0000975c      0x1d8 /tmp/cciLCcLh.ltrans0.ltrans.o
 .text.update.lto_priv.6
                0x00009934      0x288 /tmp/cciLCcLh.ltrans0.ltrans.o
 .text.fb_set_pixel
                0x00009bbc       0x26 build/fb_hal.c.o
                0x00009bbc                fb_set_pixel
 .text.fb_present
                0x00009be2        0x2 build/fb_hal.c.o
                0x00009be2                fb_present
 .text.fb_clear
                0x00009be4       0x14 build/fb_hal.c.o
                0x00009be4                fb_clear
 .text.fb_init  0x00009bf8       0x18 build/fb_hal.c.o
                0x00009bf8                fb_init
 .text.fb_shutdown
                0x00009c10       0x12 build/fb_hal.c.o
                0x00009c10                fb_shutdown
 .text.gfx_clear
                0x00009c22        0x4 build/gfx.c.o
                0x00009c22                gfx_clear
 .text.gfx_fill_rect
                0x00009c26       0x84 build/gfx.c.o
                0x00009c26                gfx_fill_rect
 .text.gfx_hline
                0x00009caa       0x50 build/gfx.c.o
                0x00009caa                gfx_hline
 .text.gfx_vline
                0x00009cfa       0x50 build/gfx.c.o
                0x00009cfa                gfx_vline
 .text.gfx_rect
                0x00009d4a       0x58 build/gfx.c.o
                0x00009d4a                gfx_rect
 .text.gfx_char
                0x00009da2       0xac build/gfx.c.o
                0x00009da2                gfx_char
 .text.gfx_text
                0x00009e4e       0x5a build/gfx.c.o
                0x00009e4e                gfx_text
 .text.gfx_bevel
                0x00009ea8       0xbc build/gfx.c.o
                0x00009ea8                gfx_bevel
 .text.is_focusable
                0x00009f64       0x1c build/gui.c.o
 .text.gui_init
                0x00009f80       0x2e build/gui.c.o
                0x00009f80                gui_init
 .text.gui_create
                0x00009fae       0xbe build/gui.c.o
                0x00009fae                gui_create
 .text.gui_render_all
                0x0000a06c       0x2c build/gui.c.o
                0x0000a06c                gui_render_all
 .text.gui_focus_next
                0x0000a098       0x82 build/gui.c.o
                0x0000a098                gui_focus_next
 .text.gui_focus_prev
                0x0000a11a       0x94 build/gui.c.o
                0x0000a11a                gui_focus_prev
 .text.gui_dispatch_key
                0x0000a1ae       0x18 build/gui.c.o
                0x0000a1ae                gui_dispatch_key
 .text.key_window
                0x0000a1c6       0x4e build/gui_widgets.c.o
 .text.render_icon
                0x0000a214      0x102 build/gui_widgets.c.o
 .text.render_label
                0x0000a316       0x14 build/gui_widgets.c.o
 .text.render_taskbar
                0x0000a32a       0x82 build/gui_widgets.c.o
 .text.render_textinput
                0x0000a3ac       0xc8 build/gui_widgets.c.o
 .text.render_button
                0x0000a474       0xc0 build/gui_widgets.c.o
 .text.render_window
                0x0000a534      0x13a build/gui_widgets.c.o
 .text.key_textinput
                0x0000a66e       0xec build/gui_widgets.c.o
 .text.key_button
                0x0000a75a       0x52 build/gui_widgets.c.o
 .text.key_icon
                0x0000a7ac       0x1c build/gui_widgets.c.o
 .text.gui_widget_setup
                0x0000a7c8       0x84 build/gui_widgets.c.o
                0x0000a7c8                gui_widget_setup
 .text.win30_finish
                0x0000a84c       0x1e build/win30_desk.c.o
 .text.win30_update
                0x0000a86a       0x16 build/win30_desk.c.o
 .text.win30_init
                0x0000a880      0x1ec build/win30_desk.c.o
 .text.win30_input
                0x0000aa6c       0x46 build/win30_desk.c.o
 .text.gfmul    0x0000aab2       0x32 ../crypto_cli/build/crypto_aes.c.o
 .text.sub_bytes
                0x0000aae4       0x20 ../crypto_cli/build/crypto_aes.c.o
 .text.inv_sub_bytes
                0x0000ab04       0x20 ../crypto_cli/build/crypto_aes.c.o
 .text.add_round_key
                0x0000ab24       0x44 ../crypto_cli/build/crypto_aes.c.o
 .text.aes128_key_expand
                0x0000ab68       0xa2 ../crypto_cli/build/crypto_aes.c.o
                0x0000ab68                aes128_key_expand
 .text.aes128_enc_block
                0x0000ac0a      0x1d2 ../crypto_cli/build/crypto_aes.c.o
                0x0000ac0a                aes128_enc_block
 .text.aes128_dec_block
                0x0000addc      0x220 ../crypto_cli/build/crypto_aes.c.o
                0x0000addc                aes128_dec_block
 .text.aes128_key_expand_zkn
                0x0000affc       0x7c ../crypto_cli/build/crypto_aes.c.o
                0x0000affc                aes128_key_expand_zkn
 .text.aes128_enc_block_zkn
                0x0000b078      0x186 ../crypto_cli/build/crypto_aes.c.o
                0x0000b078                aes128_enc_block_zkn
 .text.sha256_transform
                0x0000b1fe      0x194 ../crypto_cli/build/crypto_sha.c.o
 .text.sha512_transform
                0x0000b392      0x408 ../crypto_cli/build/crypto_sha.c.o
 .text.sha256_transform_zkn
                0x0000b79a      0x160 ../crypto_cli/build/crypto_sha.c.o
 .text.sha512_transform_zkn
                0x0000b8fa      0x2ee ../crypto_cli/build/crypto_sha.c.o
 .text.sha256_update
                0x0000bbe8       0x7e ../crypto_cli/build/crypto_sha.c.o
                0x0000bbe8                sha256_update
 .text.sha256_final
                0x0000bc66       0xd0 ../crypto_cli/build/crypto_sha.c.o
                0x0000bc66                sha256_final
 .text.sha256_hash
                0x0000bd36       0x7c ../crypto_cli/build/crypto_sha.c.o
                0x0000bd36                sha256_hash
 .text.sha512_update
                0x0000bdb2       0xa2 ../crypto_cli/build/crypto_sha.c.o
                0x0000bdb2                sha512_update
 .text.sha512_final
                0x0000be54      0x112 ../crypto_cli/build/crypto_sha.c.o
                0x0000be54                sha512_final
 .text.sha512_hash
                0x0000bf66       0xa0 ../crypto_cli/build/crypto_sha.c.o
                0x0000bf66                sha512_hash
 .text.sha256_hash_zkn
                0x0000c006      0x16a ../crypto_cli/build/crypto_sha.c.o
                0x0000c006                sha256_hash_zkn
 .text.sha512_hash_zkn
                0x0000c170      0x1e2 ../crypto_cli/build/crypto_sha.c.o
                0x0000c170                sha512_hash_zkn
 .text.sm4_tau  0x0000c352       0x44 ../crypto_cli/build/crypto_sm.c.o
 .text.sm3_compress
                0x0000c396      0x20e ../crypto_cli/build/crypto_sm.c.o
 .text.sm3_compress_zkn
                0x0000c5a4      0x1f8 ../crypto_cli/build/crypto_sm.c.o
 .text.sm4_key_schedule
                0x0000c79c       0xce ../crypto_cli/build/crypto_sm.c.o
                0x0000c79c                sm4_key_schedule
 .text.sm4_encrypt
                0x0000c86a       0xce ../crypto_cli/build/crypto_sm.c.o
                0x0000c86a                sm4_encrypt
 .text.sm3_init
                0x0000c938       0x60 ../crypto_cli/build/crypto_sm.c.o
                0x0000c938                sm3_init
 .text.sm3_update
                0x0000c998       0x7e ../crypto_cli/build/crypto_sm.c.o
                0x0000c998                sm3_update
 .text.sm3_final
                0x0000ca16       0xd0 ../crypto_cli/build/crypto_sm.c.o
                0x0000ca16                sm3_final
 .text.sm3_hash
                0x0000cae6       0x34 ../crypto_cli/build/crypto_sm.c.o
                0x0000cae6                sm3_hash
 .text.sm4_key_schedule_zks
                0x0000cb1a       0x9e ../crypto_cli/build/crypto_sm.c.o
                0x0000cb1a                sm4_key_schedule_zks
 .text.sm4_encrypt_zks
                0x0000cbb8       0xa4 ../crypto_cli/build/crypto_sm.c.o
                0x0000cbb8                sm4_encrypt_zks
 .text.sm3_hash_zks
                0x0000cc5c      0x12a ../crypto_cli/build/crypto_sm.c.o
                0x0000cc5c                sm3_hash_zks
 .text.neorv32_aux_delay_ms
                0x0000cd86       0x1e ../crypto_cli/build/neorv32_aux.c.o
                0x0000cd86                neorv32_aux_delay_ms
 .text.neorv32_clint_available
                0x0000cda4        0xa ../crypto_cli/build/neorv32_clint.c.o
                0x0000cda4                neorv32_clint_available
 .text.neorv32_clint_time_get
                0x0000cdae       0x16 ../crypto_cli/build/neorv32_clint.c.o
                0x0000cdae                neorv32_clint_time_get
 .text.neorv32_cpu_get_cycle
                0x0000cdc4       0x12 ../crypto_cli/build/neorv32_cpu.c.o
                0x0000cdc4                neorv32_cpu_get_cycle
 .text.neorv32_gpio_port_set
                0x0000cdd6        0x8 ../crypto_cli/build/neorv32_gpio.c.o
                0x0000cdd6                neorv32_gpio_port_set
 .text.neorv32_gpio_port_get
                0x0000cdde        0x8 ../crypto_cli/build/neorv32_gpio.c.o
                0x0000cdde                neorv32_gpio_port_get
 .text._exit    0x0000cde6        0xc ../crypto_cli/build/neorv32_newlib.c.o
                0x0000cde6                _exit
 .text._close   0x0000cdf2        0x4 ../crypto_cli/build/neorv32_newlib.c.o
                0x0000cdf2                _close
 .text._fstat   0x0000cdf6        0x8 ../crypto_cli/build/neorv32_newlib.c.o
                0x0000cdf6                _fstat
 .text._getpid  0x0000cdfe        0x4 ../crypto_cli/build/neorv32_newlib.c.o
                0x0000cdfe                _getpid
 .text._isatty  0x0000ce02        0x4 ../crypto_cli/build/neorv32_newlib.c.o
                0x0000ce02                _isatty
 .text._kill    0x0000ce06        0xe ../crypto_cli/build/neorv32_newlib.c.o
                0x0000ce06                _kill
 .text._lseek   0x0000ce14        0x4 ../crypto_cli/build/neorv32_newlib.c.o
                0x0000ce14                _lseek
 .text._read    0x0000ce18       0x90 ../crypto_cli/build/neorv32_newlib.c.o
                0x0000ce18                _read
 .text._write   0x0000cea8       0x6e ../crypto_cli/build/neorv32_newlib.c.o
                0x0000cea8                _write
 .text._sbrk    0x0000cf16       0x42 ../crypto_cli/build/neorv32_newlib.c.o
                0x0000cf16                _sbrk
 *fill*         0x0000cf58        0x0 
 .text.__neorv32_rte_core
                0x0000cf58       0xd2 ../crypto_cli/build/neorv32_rte.c.o
 .text.__neorv32_rte_puth
                0x0000d02a       0x60 ../crypto_cli/build/neorv32_rte.c.o
 .text.__neorv32_rte_puts
                0x0000d08a       0x20 ../crypto_cli/build/neorv32_rte.c.o
 .text.__neorv32_rte_panic
                0x0000d0aa      0x1e4 ../crypto_cli/build/neorv32_rte.c.o
 .text.neorv32_rte_setup
                0x0000d28e       0x52 ../crypto_cli/build/neorv32_rte.c.o
                0x0000d28e                neorv32_rte_setup
 .text.neorv32_trng_available
                0x0000d2e0        0xc ../crypto_cli/build/neorv32_trng.c.o
                0x0000d2e0                neorv32_trng_available
 .text.neorv32_trng_enable
                0x0000d2ec       0x18 ../crypto_cli/build/neorv32_trng.c.o
                0x0000d2ec                neorv32_trng_enable
 .text.neorv32_trng_data_avail
                0x0000d304        0xa ../crypto_cli/build/neorv32_trng.c.o
                0x0000d304                neorv32_trng_data_avail
 .text.neorv32_trng_data_get
                0x0000d30e        0xc ../crypto_cli/build/neorv32_trng.c.o
                0x0000d30e                neorv32_trng_data_get
 .text.neorv32_uart_available
                0x0000d31a       0x2a ../crypto_cli/build/neorv32_uart.c.o
                0x0000d31a                neorv32_uart_available
 .text.neorv32_uart_setup
                0x0000d344       0x48 ../crypto_cli/build/neorv32_uart.c.o
                0x0000d344                neorv32_uart_setup
 .text.neorv32_uart_putc
                0x0000d38c        0xe ../crypto_cli/build/neorv32_uart.c.o
                0x0000d38c                neorv32_uart_putc
 .text.neorv32_uart_getc
                0x0000d39a       0x12 ../crypto_cli/build/neorv32_uart.c.o
                0x0000d39a                neorv32_uart_getc
 .text.neorv32_uart_char_received
                0x0000d3ac        0x8 ../crypto_cli/build/neorv32_uart.c.o
                0x0000d3ac                neorv32_uart_char_received
 .text.neorv32_uart_puts
                0x0000d3b4       0x40 ../crypto_cli/build/neorv32_uart.c.o
                0x0000d3b4                neorv32_uart_puts
 .text.snprintf
                0x0000d3f4       0x9a /opt/riscv/bin/../lib/gcc/riscv-none-elf/14.3.0/../../../../riscv-none-elf/lib/rv32imc/ilp32/libc.a(libc_a-snprintf.o)
                0x0000d3f4                snprintf
 .text.strncmp  0x0000d48e       0x7a /opt/riscv/bin/../lib/gcc/riscv-none-elf/14.3.0/../../../../riscv-none-elf/lib/rv32imc/ilp32/libc.a(libc_a-strncmp.o)
                0x0000d48e                strncmp
 .text.strncpy  0x0000d508       0x76 /opt/riscv/bin/../lib/gcc/riscv-none-elf/14.3.0/../../../../riscv-none-elf/lib/rv32imc/ilp32/libc.a(libc_a-strncpy.o)
                0x0000d508                strncpy
 .text          0x0000d57e       0xa8 /opt/riscv/bin/../lib/gcc/riscv-none-elf/14.3.0/../../../../riscv-none-elf/lib/rv32imc/ilp32/libc.a(libc_a-memset.o)
                0x0000d57e                memset
 .text.memcpy   0x0000d626       0xf4 /opt/riscv/bin/../lib/gcc/riscv-none-elf/14.3.0/../../../../riscv-none-elf/lib/rv32imc/ilp32/libc.a(libc_a-memcpy.o)
                0x0000d626                memcpy
 .text.strlen   0x0000d71a       0x64 /opt/riscv/bin/../lib/gcc/riscv-none-elf/14.3.0/../../../../riscv-none-elf/lib/rv32imc/ilp32/libc.a(libc_a-strlen.o)
                0x0000d71a                strlen
 .text.strcpy   0x0000d77e       0x76 /opt/riscv/bin/../lib/gcc/riscv-none-elf/14.3.0/../../../../riscv-none-elf/lib/rv32imc/ilp32/libc.a(libc_a-strcpy.o)
                0x0000d77e                strcpy
 .text._malloc_trim_r
                0x0000d7f4       0xd4 /opt/riscv/bin/../lib/gcc/riscv-none-elf/14.3.0/../../../../riscv-none-elf/lib/rv32imc/ilp32/libc.a(libc_a-freer.o)
                0x0000d7f4                _malloc_trim_r
 .text._free_r  0x0000d8c8      0x228 /opt/riscv/bin/../lib/gcc/riscv-none-elf/14.3.0/../../../../riscv-none-elf/lib/rv32imc/ilp32/libc.a(libc_a-freer.o)
                0x0000d8c8                _free_r
 .text._malloc_r
                0x0000daf0      0x5e6 /opt/riscv/bin/../lib/gcc/riscv-none-elf/14.3.0/../../../../riscv-none-elf/lib/rv32imc/ilp32/libc.a(libc_a-mallocr.o)
                0x0000daf0                _malloc_r
 .text.__malloc_lock
                0x0000e0d6        0xc /opt/riscv/bin/../lib/gcc/riscv-none-elf/14.3.0/../../../../riscv-none-elf/lib/rv32imc/ilp32/libc.a(libc_a-mlock.o)
                0x0000e0d6                __malloc_lock
 .text.__malloc_unlock
                0x0000e0e2        0xc /opt/riscv/bin/../lib/gcc/riscv-none-elf/14.3.0/../../../../riscv-none-elf/lib/rv32imc/ilp32/libc.a(libc_a-mlock.o)
                0x0000e0e2                __malloc_unlock
 .text._svfprintf_r
                0x0000e0ee     0x26bc /opt/riscv/bin/../lib/gcc/riscv-none-elf/14.3.0/../../../../riscv-none-elf/lib/rv32imc/ilp32/libc.a(libc_a-svfprintf.o)
                0x0000e0ee                _svfprintf_r
 .text.__ssprint_r
                0x000107aa       0x8e /opt/riscv/bin/../lib/gcc/riscv-none-elf/14.3.0/../../../../riscv-none-elf/lib/rv32imc/ilp32/libc.a(libc_a-ssprint_r.o)
                0x000107aa                __ssprint_r
 .text.stdio_exit_handler
                0x00010838       0x16 /opt/riscv/bin/../lib/gcc/riscv-none-elf/14.3.0/../../../../riscv-none-elf/lib/rv32imc/ilp32/libc.a(libc_a-findfp.o)
 .text.cleanup_stdio
                0x0001084e       0x50 /opt/riscv/bin/../lib/gcc/riscv-none-elf/14.3.0/../../../../riscv-none-elf/lib/rv32imc/ilp32/libc.a(libc_a-findfp.o)
 .text.global_stdio_init.part.0
                0x0001089e      0x152 /opt/riscv/bin/../lib/gcc/riscv-none-elf/14.3.0/../../../../riscv-none-elf/lib/rv32imc/ilp32/libc.a(libc_a-findfp.o)
 .text.__sinit  0x000109f0       0x4e /opt/riscv/bin/../lib/gcc/riscv-none-elf/14.3.0/../../../../riscv-none-elf/lib/rv32imc/ilp32/libc.a(libc_a-findfp.o)
                0x000109f0                __sinit
 .text.__sfp_lock_acquire
                0x00010a3e        0xa /opt/riscv/bin/../lib/gcc/riscv-none-elf/14.3.0/../../../../riscv-none-elf/lib/rv32imc/ilp32/libc.a(libc_a-findfp.o)
                0x00010a3e                __sfp_lock_acquire
 .text.__sfp_lock_release
                0x00010a48        0xa /opt/riscv/bin/../lib/gcc/riscv-none-elf/14.3.0/../../../../riscv-none-elf/lib/rv32imc/ilp32/libc.a(libc_a-findfp.o)
                0x00010a48                __sfp_lock_release
 .text._fwalk_sglue
                0x00010a52       0x72 /opt/riscv/bin/../lib/gcc/riscv-none-elf/14.3.0/../../../../riscv-none-elf/lib/rv32imc/ilp32/libc.a(libc_a-fwalk.o)
                0x00010a52                _fwalk_sglue
 .text.__sread  0x00010ac4       0x36 /opt/riscv/bin/../lib/gcc/riscv-none-elf/14.3.0/../../../../riscv-none-elf/lib/rv32imc/ilp32/libc.a(libc_a-stdio.o)
                0x00010ac4                __sread
 .text.__swrite
                0x00010afa       0x50 /opt/riscv/bin/../lib/gcc/riscv-none-elf/14.3.0/../../../../riscv-none-elf/lib/rv32imc/ilp32/libc.a(libc_a-stdio.o)
                0x00010afa                __swrite
 .text.__sseek  0x00010b4a       0x3c /opt/riscv/bin/../lib/gcc/riscv-none-elf/14.3.0/../../../../riscv-none-elf/lib/rv32imc/ilp32/libc.a(libc_a-stdio.o)
                0x00010b4a                __sseek
 .text.__sclose
                0x00010b86        0x6 /opt/riscv/bin/../lib/gcc/riscv-none-elf/14.3.0/../../../../riscv-none-elf/lib/rv32imc/ilp32/libc.a(libc_a-stdio.o)
                0x00010b86                __sclose
 .text.memchr   0x00010b8c       0x94 /opt/riscv/bin/../lib/gcc/riscv-none-elf/14.3.0/../../../../riscv-none-elf/lib/rv32imc/ilp32/libc.a(libc_a-memchr.o)
                0x00010b8c                memchr
 .text.__locale_mb_cur_max
                0x00010c20        0x6 /opt/riscv/bin/../lib/gcc/riscv-none-elf/14.3.0/../../../../riscv-none-elf/lib/rv32imc/ilp32/libc.a(libc_a-locale.o)
                0x00010c20                __locale_mb_cur_max
 .text._localeconv_r
                0x00010c26        0x6 /opt/riscv/bin/../lib/gcc/riscv-none-elf/14.3.0/../../../../riscv-none-elf/lib/rv32imc/ilp32/libc.a(libc_a-localeconv.o)
                0x00010c26                _localeconv_r
 .text._close_r
                0x00010c2c       0x48 /opt/riscv/bin/../lib/gcc/riscv-none-elf/14.3.0/../../../../riscv-none-elf/lib/rv32imc/ilp32/libc.a(libc_a-closer.o)
                0x00010c2c                _close_r
 .text._lseek_r
                0x00010c74       0x4e /opt/riscv/bin/../lib/gcc/riscv-none-elf/14.3.0/../../../../riscv-none-elf/lib/rv32imc/ilp32/libc.a(libc_a-lseekr.o)
                0x00010c74                _lseek_r
 .text._read_r  0x00010cc2       0x4e /opt/riscv/bin/../lib/gcc/riscv-none-elf/14.3.0/../../../../riscv-none-elf/lib/rv32imc/ilp32/libc.a(libc_a-readr.o)
                0x00010cc2                _read_r
 .text._sbrk_r  0x00010d10       0x48 /opt/riscv/bin/../lib/gcc/riscv-none-elf/14.3.0/../../../../riscv-none-elf/lib/rv32imc/ilp32/libc.a(libc_a-sbrkr.o)
                0x00010d10                _sbrk_r
 .text._write_r
                0x00010d58       0x4e /opt/riscv/bin/../lib/gcc/riscv-none-elf/14.3.0/../../../../riscv-none-elf/lib/rv32imc/ilp32/libc.a(libc_a-writer.o)
                0x00010d58                _write_r
 .text.__retarget_lock_init_recursive
                0x00010da6        0x2 /opt/riscv/bin/../lib/gcc/riscv-none-elf/14.3.0/../../../../riscv-none-elf/lib/rv32imc/ilp32/libc.a(libc_a-lock.o)
                0x00010da6                __retarget_lock_init_recursive
 .text.__retarget_lock_close_recursive
                0x00010da8        0x2 /opt/riscv/bin/../lib/gcc/riscv-none-elf/14.3.0/../../../../riscv-none-elf/lib/rv32imc/ilp32/libc.a(libc_a-lock.o)
                0x00010da8                __retarget_lock_close_recursive
 .text.__retarget_lock_acquire_recursive
                0x00010daa        0x2 /opt/riscv/bin/../lib/gcc/riscv-none-elf/14.3.0/../../../../riscv-none-elf/lib/rv32imc/ilp32/libc.a(libc_a-lock.o)
                0x00010daa                __retarget_lock_acquire_recursive
 .text.__retarget_lock_release_recursive
                0x00010dac        0x2 /opt/riscv/bin/../lib/gcc/riscv-none-elf/14.3.0/../../../../riscv-none-elf/lib/rv32imc/ilp32/libc.a(libc_a-lock.o)
                0x00010dac                __retarget_lock_release_recursive
 .text.frexp    0x00010dae       0x84 /opt/riscv/bin/../lib/gcc/riscv-none-elf/14.3.0/../../../../riscv-none-elf/lib/rv32imc/ilp32/libc.a(libm_a-s_frexp.o)
                0x00010dae                frexp
 .text.quorem   0x00010e32      0x154 /opt/riscv/bin/../lib/gcc/riscv-none-elf/14.3.0/../../../../riscv-none-elf/lib/rv32imc/ilp32/libc.a(libc_a-dtoa.o)
 .text._dtoa_r  0x00010f86     0x123a /opt/riscv/bin/../lib/gcc/riscv-none-elf/14.3.0/../../../../riscv-none-elf/lib/rv32imc/ilp32/libc.a(libc_a-dtoa.o)
                0x00010f86                _dtoa_r
 .text.__ascii_mbtowc
                0x000121c0       0x40 /opt/riscv/bin/../lib/gcc/riscv-none-elf/14.3.0/../../../../riscv-none-elf/lib/rv32imc/ilp32/libc.a(libc_a-mbtowc_r.o)
                0x000121c0                __ascii_mbtowc
 .text._Balloc  0x00012200       0x6a /opt/riscv/bin/../lib/gcc/riscv-none-elf/14.3.0/../../../../riscv-none-elf/lib/rv32imc/ilp32/libc.a(libc_a-mprec.o)
                0x00012200                _Balloc
 .text._Bfree   0x0001226a       0x12 /opt/riscv/bin/../lib/gcc/riscv-none-elf/14.3.0/../../../../riscv-none-elf/lib/rv32imc/ilp32/libc.a(libc_a-mprec.o)
                0x0001226a                _Bfree
 .text.__multadd
                0x0001227c       0xe6 /opt/riscv/bin/../lib/gcc/riscv-none-elf/14.3.0/../../../../riscv-none-elf/lib/rv32imc/ilp32/libc.a(libc_a-mprec.o)
                0x0001227c                __multadd
 .text.__hi0bits
                0x00012362       0x68 /opt/riscv/bin/../lib/gcc/riscv-none-elf/14.3.0/../../../../riscv-none-elf/lib/rv32imc/ilp32/libc.a(libc_a-mprec.o)
                0x00012362                __hi0bits
 .text.__lo0bits
                0x000123ca       0x9e /opt/riscv/bin/../lib/gcc/riscv-none-elf/14.3.0/../../../../riscv-none-elf/lib/rv32imc/ilp32/libc.a(libc_a-mprec.o)
                0x000123ca                __lo0bits
 .text.__i2b    0x00012468       0x6c /opt/riscv/bin/../lib/gcc/riscv-none-elf/14.3.0/../../../../riscv-none-elf/lib/rv32imc/ilp32/libc.a(libc_a-mprec.o)
                0x00012468                __i2b
 .text.__multiply
                0x000124d4      0x1b0 /opt/riscv/bin/../lib/gcc/riscv-none-elf/14.3.0/../../../../riscv-none-elf/lib/rv32imc/ilp32/libc.a(libc_a-mprec.o)
                0x000124d4                __multiply
 .text.__pow5mult
                0x00012684       0xe8 /opt/riscv/bin/../lib/gcc/riscv-none-elf/14.3.0/../../../../riscv-none-elf/lib/rv32imc/ilp32/libc.a(libc_a-mprec.o)
                0x00012684                __pow5mult
 .text.__lshift
                0x0001276c      0x10e /opt/riscv/bin/../lib/gcc/riscv-none-elf/14.3.0/../../../../riscv-none-elf/lib/rv32imc/ilp32/libc.a(libc_a-mprec.o)
                0x0001276c                __lshift
 .text.__mcmp   0x0001287a       0x3c /opt/riscv/bin/../lib/gcc/riscv-none-elf/14.3.0/../../../../riscv-none-elf/lib/rv32imc/ilp32/libc.a(libc_a-mprec.o)
                0x0001287a                __mcmp
 .text.__mdiff  0x000128b6      0x198 /opt/riscv/bin/../lib/gcc/riscv-none-elf/14.3.0/../../../../riscv-none-elf/lib/rv32imc/ilp32/libc.a(libc_a-mprec.o)
                0x000128b6                __mdiff
 .text.__d2b    0x00012a4e       0xe6 /opt/riscv/bin/../lib/gcc/riscv-none-elf/14.3.0/../../../../riscv-none-elf/lib/rv32imc/ilp32/libc.a(libc_a-mprec.o)
                0x00012a4e                __d2b
 .text.__ascii_wctomb
                0x00012b34       0x20 /opt/riscv/bin/../lib/gcc/riscv-none-elf/14.3.0/../../../../riscv-none-elf/lib/rv32imc/ilp32/libc.a(libc_a-wctomb_r.o)
                0x00012b34                __ascii_wctomb
 .text._wcrtomb_r
                0x00012b54       0x50 /opt/riscv/bin/../lib/gcc/riscv-none-elf/14.3.0/../../../../riscv-none-elf/lib/rv32imc/ilp32/libc.a(libc_a-wcrtomb.o)
                0x00012b54                _wcrtomb_r
 .text._wcsrtombs_r
                0x00012ba4        0xa /opt/riscv/bin/../lib/gcc/riscv-none-elf/14.3.0/../../../../riscv-none-elf/lib/rv32imc/ilp32/libc.a(libc_a-wcsrtombs.o)
                0x00012ba4                _wcsrtombs_r
 .text.__ssputs_r
                0x00012bae       0xf6 /opt/riscv/bin/../lib/gcc/riscv-none-elf/14.3.0/../../../../riscv-none-elf/lib/rv32imc/ilp32/libc.a(libc_a-ssputs_r.o)
                0x00012bae                __ssputs_r
 .text._fclose_r
                0x00012ca4       0xe4 /opt/riscv/bin/../lib/gcc/riscv-none-elf/14.3.0/../../../../riscv-none-elf/lib/rv32imc/ilp32/libc.a(libc_a-fclose.o)
                0x00012ca4                _fclose_r
 .text.__sflush_r
                0x00012d88      0x19c /opt/riscv/bin/../lib/gcc/riscv-none-elf/14.3.0/../../../../riscv-none-elf/lib/rv32imc/ilp32/libc.a(libc_a-fflush.o)
                0x00012d88                __sflush_r
 .text._fflush_r
                0x00012f24       0x82 /opt/riscv/bin/../lib/gcc/riscv-none-elf/14.3.0/../../../../riscv-none-elf/lib/rv32imc/ilp32/libc.a(libc_a-fflush.o)
                0x00012f24                _fflush_r
 .text.__errno  0x00012fa6        0x6 /opt/riscv/bin/../lib/gcc/riscv-none-elf/14.3.0/../../../../riscv-none-elf/lib/rv32imc/ilp32/libc.a(libc_a-errno.o)
                0x00012fa6                __errno
 .text.memmove  0x00012fac       0xdc /opt/riscv/bin/../lib/gcc/riscv-none-elf/14.3.0/../../../../riscv-none-elf/lib/rv32imc/ilp32/libc.a(libc_a-memmove-stub.o)
                0x00012fac                memmove
 .text.__assert_func
                0x00013088       0x38 /opt/riscv/bin/../lib/gcc/riscv-none-elf/14.3.0/../../../../riscv-none-elf/lib/rv32imc/ilp32/libc.a(libc_a-assert.o)
                0x00013088                __assert_func
 .text._calloc_r
                0x000130c0       0xa8 /opt/riscv/bin/../lib/gcc/riscv-none-elf/14.3.0/../../../../riscv-none-elf/lib/rv32imc/ilp32/libc.a(libc_a-callocr.o)
                0x000130c0                _calloc_r
 .text._realloc_r
                0x00013168      0x40e /opt/riscv/bin/../lib/gcc/riscv-none-elf/14.3.0/../../../../riscv-none-elf/lib/rv32imc/ilp32/libc.a(libc_a-reallocr.o)
                0x00013168                _realloc_r
 .text._wcsnrtombs_l
                0x00013576      0x102 /opt/riscv/bin/../lib/gcc/riscv-none-elf/14.3.0/../../../../riscv-none-elf/lib/rv32imc/ilp32/libc.a(libc_a-wcsnrtombs.o)
                0x00013576                _wcsnrtombs_l
 .text._wcsnrtombs_r
                0x00013678        0xc /opt/riscv/bin/../lib/gcc/riscv-none-elf/14.3.0/../../../../riscv-none-elf/lib/rv32imc/ilp32/libc.a(libc_a-wcsnrtombs.o)
                0x00013678                _wcsnrtombs_r
 .text.fiprintf
                0x00013684       0x2c /opt/riscv/bin/../lib/gcc/riscv-none-elf/14.3.0/../../../../riscv-none-elf/lib/rv32imc/ilp32/libc.a(libc_a-fiprintf.o)
                0x00013684                fiprintf
 .text._vfiprintf_r
                0x000136b0     0x1334 /opt/riscv/bin/../lib/gcc/riscv-none-elf/14.3.0/../../../../riscv-none-elf/lib/rv32imc/ilp32/libc.a(libc_a-vfiprintf.o)
                0x000136b0                _vfiprintf_r
 .text.__sbprintf
                0x000149e4       0xb2 /opt/riscv/bin/../lib/gcc/riscv-none-elf/14.3.0/../../../../riscv-none-elf/lib/rv32imc/ilp32/libc.a(libc_a-vfiprintf.o)
 .text.__sprint_r
                0x00014a96       0x2c /opt/riscv/bin/../lib/gcc/riscv-none-elf/14.3.0/../../../../riscv-none-elf/lib/rv32imc/ilp32/libc.a(libc_a-sprint_r.o)
                0x00014a96                __sprint_r
 .text.__sfvwrite_r
                0x00014ac2      0x34e /opt/riscv/bin/../lib/gcc/riscv-none-elf/14.3.0/../../../../riscv-none-elf/lib/rv32imc/ilp32/libc.a(libc_a-fvwrite.o)
                0x00014ac2                __sfvwrite_r
 .text.__swsetup_r
                0x00014e10      0x106 /opt/riscv/bin/../lib/gcc/riscv-none-elf/14.3.0/../../../../riscv-none-elf/lib/rv32imc/ilp32/libc.a(libc_a-wsetup.o)
                0x00014e10                __swsetup_r
 .text.abort    0x00014f16        0xe /opt/riscv/bin/../lib/gcc/riscv-none-elf/14.3.0/../../../../riscv-none-elf/lib/rv32imc/ilp32/libc.a(libc_a-abort.o)
                0x00014f16                abort
 .text.__smakebuf_r
                0x00014f24       0xfa /opt/riscv/bin/../lib/gcc/riscv-none-elf/14.3.0/../../../../riscv-none-elf/lib/rv32imc/ilp32/libc.a(libc_a-makebuf.o)
                0x00014f24                __smakebuf_r
 .text.raise    0x0001501e       0x6e /opt/riscv/bin/../lib/gcc/riscv-none-elf/14.3.0/../../../../riscv-none-elf/lib/rv32imc/ilp32/libc.a(libc_a-signal.o)
                0x0001501e                raise
 .text._fstat_r
                0x0001508c       0x4c /opt/riscv/bin/../lib/gcc/riscv-none-elf/14.3.0/../../../../riscv-none-elf/lib/rv32imc/ilp32/libc.a(libc_a-fstatr.o)
                0x0001508c                _fstat_r
 .text._isatty_r
                0x000150d8       0x48 /opt/riscv/bin/../lib/gcc/riscv-none-elf/14.3.0/../../../../riscv-none-elf/lib/rv32imc/ilp32/libc.a(libc_a-isattyr.o)
                0x000150d8                _isatty_r
 .text._kill_r  0x00015120       0x4c /opt/riscv/bin/../lib/gcc/riscv-none-elf/14.3.0/../../../../riscv-none-elf/lib/rv32imc/ilp32/libc.a(libc_a-signalr.o)
                0x00015120                _kill_r
 .text._getpid_r
                0x0001516c        0x4 /opt/riscv/bin/../lib/gcc/riscv-none-elf/14.3.0/../../../../riscv-none-elf/lib/rv32imc/ilp32/libc.a(libc_a-signalr.o)
                0x0001516c                _getpid_r
 .text.__lshrdi3
                0x00015170       0x26 /opt/riscv/bin/../lib/gcc/riscv-none-elf/14.3.0/rv32imc/ilp32/libgcc.a(_lshrdi3.o)
                0x00015170                __lshrdi3
 .text.__clzsi2
                0x00015196       0x6e /opt/riscv/bin/../lib/gcc/riscv-none-elf/14.3.0/rv32imc/ilp32/libgcc.a(_clzsi2.o)
                0x00015196                __clzsi2
 .text.__udivdi3
                0x00015204      0x3a6 /opt/riscv/bin/../lib/gcc/riscv-none-elf/14.3.0/rv32imc/ilp32/libgcc.a(_udivdi3.o)
                0x00015204                __udivdi3
 .text.__umoddi3
                0x000155aa      0x38e /opt/riscv/bin/../lib/gcc/riscv-none-elf/14.3.0/rv32imc/ilp32/libgcc.a(_umoddi3.o)
                0x000155aa                __umoddi3
 .text.__adddf3
                0x00015938      0x8b8 /opt/riscv/bin/../lib/gcc/riscv-none-elf/14.3.0/rv32imc/ilp32/libgcc.a(adddf3.o)
                0x00015938                __adddf3
 .text.__divdf3
                0x000161f0      0x5f0 /opt/riscv/bin/../lib/gcc/riscv-none-elf/14.3.0/rv32imc/ilp32/libgcc.a(divdf3.o)
                0x000161f0                __divdf3
 .text.__eqdf2  0x000167e0       0x6c /opt/riscv/bin/../lib/gcc/riscv-none-elf/14.3.0/rv32imc/ilp32/libgcc.a(eqdf2.o)
                0x000167e0                __eqdf2
                0x000167e0                __nedf2
 .text.__gedf2  0x0001684c       0xbe /opt/riscv/bin/../lib/gcc/riscv-none-elf/14.3.0/rv32imc/ilp32/libgcc.a(gedf2.o)
                0x0001684c                __gtdf2
                0x0001684c                __gedf2
 .text.__ledf2  0x0001690a       0xc0 /opt/riscv/bin/../lib/gcc/riscv-none-elf/14.3.0/rv32imc/ilp32/libgcc.a(ledf2.o)
                0x0001690a                __ltdf2
                0x0001690a                __ledf2
 .text.__muldf3
                0x000169ca      0x556 /opt/riscv/bin/../lib/gcc/riscv-none-elf/14.3.0/rv32imc/ilp32/libgcc.a(muldf3.o)
                0x000169ca                __muldf3
 .text.__subdf3
                0x00016f20      0x8a6 /opt/riscv/bin/../lib/gcc/riscv-none-elf/14.3.0/rv32imc/ilp32/libgcc.a(subdf3.o)
                0x00016f20                __subdf3
 .text.__unorddf2
                0x000177c6       0x3c /opt/riscv/bin/../lib/gcc/riscv-none-elf/14.3.0/rv32imc/ilp32/libgcc.a(unorddf2.o)
                0x000177c6                __unorddf2
 .text.__fixdfsi
                0x00017802       0x66 /opt/riscv/bin/../lib/gcc/riscv-none-elf/14.3.0/rv32imc/ilp32/libgcc.a(fixdfsi.o)
                0x00017802                __fixdfsi
 .text.__floatsidf
                0x00017868       0x78 /opt/riscv/bin/../lib/gcc/riscv-none-elf/14.3.0/rv32imc/ilp32/libgcc.a(floatsidf.o)
                0x00017868                __floatsidf
 .text.__floatunsidf
                0x000178e0       0x5e /opt/riscv/bin/../lib/gcc/riscv-none-elf/14.3.0/rv32imc/ilp32/libgcc.a(floatunsidf.o)
                0x000178e0                __floatunsidf
 .text.__trunctfdf2
                0x0001793e      0x2aa /opt/riscv/bin/../lib/gcc/riscv-none-elf/14.3.0/rv32imc/ilp32/libgcc.a(trunctfdf2.o)
                0x0001793e                __trunctfdf2
 .text          0x00017be8       0x60 /opt/riscv/bin/../lib/gcc/riscv-none-elf/14.3.0/rv32imc/ilp32/libgcc.a(save-restore.o)
                0x00017be8                __riscv_save_12
                0x00017bf0                __riscv_save_8
                0x00017bf0                __riscv_save_11
                0x00017bf0                __riscv_save_9
                0x00017bf0                __riscv_save_10
                0x00017bfe                __riscv_save_7
                0x00017bfe                __riscv_save_4
                0x00017bfe                __riscv_save_6
                0x00017bfe                __riscv_save_5
                0x00017c18                __riscv_save_1
                0x00017c18                __riscv_save_3
                0x00017c18                __riscv_save_2
                0x00017c18                __riscv_save_0
                0x00017c24                __riscv_restore_12
                0x00017c28                __riscv_restore_10
                0x00017c28                __riscv_restore_11
                0x00017c28                __riscv_restore_8
                0x00017c28                __riscv_restore_9
                0x00017c32                __riscv_restore_5
                0x00017c32                __riscv_restore_6
                0x00017c32                __riscv_restore_4
                0x00017c32                __riscv_restore_7
                0x00017c3c                __riscv_restore_3
                0x00017c3c                __riscv_restore_2
                0x00017c3c                __riscv_restore_0
                0x00017c3c                __riscv_restore_1
                0x00017c48                        . = ALIGN (0x4)
 *fill*         0x00017c48        0x0 
                [!provide]                        PROVIDE (__preinit_array_start = .)
 *(.preinit_array)
                [!provide]                        PROVIDE (__preinit_array_end = .)
                0x00017c48                        PROVIDE (__init_array_start = .)
 *(SORT_BY_INIT_PRIORITY(.init_array.*) SORT_BY_INIT_PRIORITY(.ctors.*))
 *(.init_array EXCLUDE_FILE(*crtend?.o *crtend.o *crtbegin?.o *crtbegin.o) .ctors)
                0x00017c48                        PROVIDE (__init_array_end = .)
 *(SORT_NONE(.init))
 *(SORT_NONE(.fini))
                0x00017c48                        . = ALIGN (0x4)
                0x00017c48                        PROVIDE (__fini_array_start = .)
 *(SORT_BY_INIT_PRIORITY(.fini_array.*) SORT_BY_INIT_PRIORITY(.dtors.*))
 *(.fini_array EXCLUDE_FILE(*crtend?.o *crtend.o *crtbegin?.o *crtbegin.o) .dtors)
                0x00017c48                        PROVIDE (__fini_array_end = .)
                0x00017c48                        . = ALIGN (0x4)
                [!provide]                        PROVIDE (__text_end = .)

.rodata         0x00017c48     0x59b8
                [!provide]                        PROVIDE (__rodata_start = .)
 *(.rodata .rodata* .rodata.* .gnu.linkonce.r.*)
 .rodata.FreeRTOS_CLIProcessCommand.str1.4
                0x00017c48     0x3574 build/FreeRTOS_CLI.c.o
                                 0xa8 (size before relaxing)
 .rodata.str1.4
                0x0001b1bc        0x0 build/FreeRTOS_CLI.c.o
                                 0x38 (size before relaxing)
 .rodata.xHelpCommand
                0x0001b1bc       0x10 build/FreeRTOS_CLI.c.o
 .rodata.cli_hello.str1.4
                0x0001b1cc        0x0 build/main.c.o
                                 0x14 (size before relaxing)
 .rodata.cli_memtest.str1.4
                0x0001b1cc        0x0 build/main.c.o
                                 0x16 (size before relaxing)
 .rodata.cli_crypto.str1.4
                0x0001b1cc        0x0 build/main.c.o
                                 0x15 (size before relaxing)
 .rodata.cli_ps2.str1.4
                0x0001b1cc        0x0 build/main.c.o
                                 0x12 (size before relaxing)
 .rodata.cli_snake.str1.4
                0x0001b1cc        0x0 build/main.c.o
                                 0x14 (size before relaxing)
 .rodata.cli_life.str1.4
                0x0001b1cc        0x0 build/main.c.o
                                 0x13 (size before relaxing)
 .rodata.cli_info.str1.4
                0x0001b1cc        0x0 build/main.c.o
                                 0x13 (size before relaxing)
 .rodata.cli_monitor.str1.4
                0x0001b1cc        0x0 build/main.c.o
                                 0x16 (size before relaxing)
 .rodata.cli_expdemo.str1.4
                0x0001b1cc        0x0 build/main.c.o
                                 0x16 (size before relaxing)
 .rodata.cli_startui.str1.4
                0x0001b1cc        0x0 build/main.c.o
                                 0x16 (size before relaxing)
 .rodata.t_status.str1.4
                0x0001b1cc        0x0 build/main.c.o
                                 0x1a (size before relaxing)
 .rodata.shell_init_screen.str1.4
                0x0001b1cc        0x0 build/main.c.o
                                 0x3f (size before relaxing)
 .rodata.cli_heapstat.str1.4
                0x0001b1cc        0x0 build/main.c.o
                                 0x2d (size before relaxing)
 .rodata.t_shell.str1.4
                0x0001b1cc        0x0 build/main.c.o
                                 0x28 (size before relaxing)
 .rodata.freertos_risc_v_application_exception_handler.str1.4
                0x0001b1cc        0x0 build/main.c.o
                                 0x1c (size before relaxing)
 .rodata.vApplicationMallocFailedHook.str1.4
                0x0001b1cc        0x0 build/main.c.o
                                 0x16 (size before relaxing)
 .rodata.vApplicationStackOverflowHook.str1.4
                0x0001b1cc        0x0 build/main.c.o
                                 0x1b (size before relaxing)
 .rodata.main.str1.4
                0x0001b1cc        0x0 build/main.c.o
                                0x10f (size before relaxing)
 .rodata.str1.4
                0x0001b1cc        0x0 build/main.c.o
                                0x2d3 (size before relaxing)
 .rodata.cmd_cpustat_def
                0x0001b1cc       0x10 build/main.c.o
 .rodata.cmd_heapstat_def
                0x0001b1dc       0x10 build/main.c.o
 .rodata.cmd_stats_def
                0x0001b1ec       0x10 build/main.c.o
 .rodata.cmd_gui_def
                0x0001b1fc       0x10 build/main.c.o
 .rodata.cmd_rv32_def
                0x0001b20c       0x10 build/main.c.o
 .rodata.cmd_riscvasm_def
                0x0001b21c       0x10 build/main.c.o
 .rodata.cmd_dash_def
                0x0001b22c       0x10 build/main.c.o
 .rodata.cmd_conway_def
                0x0001b23c       0x10 build/main.c.o
 .rodata.cmd_kbd_def
                0x0001b24c       0x10 build/main.c.o
 .rodata.cmd_startui_def
                0x0001b25c       0x10 build/main.c.o
 .rodata.cmd_expdemo_def
                0x0001b26c       0x10 build/main.c.o
 .rodata.cmd_monitor_def
                0x0001b27c       0x10 build/main.c.o
 .rodata.cmd_info_def
                0x0001b28c       0x10 build/main.c.o
 .rodata.cmd_life_def
                0x0001b29c       0x10 build/main.c.o
 .rodata.cmd_snake_def
                0x0001b2ac       0x10 build/main.c.o
 .rodata.cmd_ps2_def
                0x0001b2bc       0x10 build/main.c.o
 .rodata.cmd_crypto_def
                0x0001b2cc       0x10 build/main.c.o
 .rodata.cmd_memtest_def
                0x0001b2dc       0x10 build/main.c.o
 .rodata.cmd_hello_def
                0x0001b2ec       0x10 build/main.c.o
 .rodata.programs
                0x0001b2fc       0x2c build/main.c.o
 .rodata.vTaskStartScheduler.str1.4
                0x0001b328        0x0 build/tasks.c.o
                                  0x5 (size before relaxing)
 .rodata.vTaskListTasks.str1.4
                0x0001b328        0x0 build/tasks.c.o
                                  0xf (size before relaxing)
 .rodata.vTaskGetRunTimeStatistics.str1.4
                0x0001b328        0x0 build/tasks.c.o
                                 0x18 (size before relaxing)
 .rodata.grid_glider.str1.4
                0x0001b328        0x0 /tmp/cciLCcLh.ltrans0.ltrans.o
                                  0xb (size before relaxing)
 .rodata.ir_input.lto_priv.1
                0x0001b328       0x7c /tmp/cciLCcLh.ltrans0.ltrans.o
 .rodata.lcd_status.str1.4
                0x0001b3a4        0x0 /tmp/cciLCcLh.ltrans0.ltrans.o
                                 0x25 (size before relaxing)
 .rodata.lcd_render_program.str1.4
                0x0001b3a4        0x0 /tmp/cciLCcLh.ltrans0.ltrans.o
                                 0x1e (size before relaxing)
 .rodata.ps2_dec_feed.str1.4
                0x0001b3a4        0x0 /tmp/cciLCcLh.ltrans0.ltrans.o
                                0x1d4 (size before relaxing)
 .rodata.ps2_dec_feed
                0x0001b3a4      0x218 /tmp/cciLCcLh.ltrans0.ltrans.o
 .rodata.vga_init.str1.4
                0x0001b5bc        0x0 /tmp/cciLCcLh.ltrans0.ltrans.o
                                  0xe (size before relaxing)
 .rodata.vga_putc.str1.4
                0x0001b5bc        0x0 /tmp/cciLCcLh.ltrans0.ltrans.o
                                  0x8 (size before relaxing)
 .rodata.prompt.lto_priv.0.str1.4
                0x0001b5bc        0x0 /tmp/cciLCcLh.ltrans0.ltrans.o
                                  0xa (size before relaxing)
 .rodata.bench_print_line.str1.4
                0x0001b5bc        0x0 /tmp/cciLCcLh.ltrans0.ltrans.o
                                  0x7 (size before relaxing)
 .rodata.prompt.lto_priv.1.str1.4
                0x0001b5bc        0x0 /tmp/cciLCcLh.ltrans0.ltrans.o
                                  0xc (size before relaxing)
 .rodata.cmd_sm3_hash.isra.0.str1.4
                0x0001b5bc        0x0 /tmp/cciLCcLh.ltrans0.ltrans.o
                                 0x30 (size before relaxing)
 .rodata.cmd_sha512_hash.isra.0.str1.4
                0x0001b5bc        0x0 /tmp/cciLCcLh.ltrans0.ltrans.o
                                 0x19 (size before relaxing)
 .rodata.cmd_sha256_hash.isra.0.str1.4
                0x0001b5bc        0x0 /tmp/cciLCcLh.ltrans0.ltrans.o
                                 0x19 (size before relaxing)
 .rodata.vga_goto.str1.4
                0x0001b5bc        0x0 /tmp/cciLCcLh.ltrans0.ltrans.o
                                  0x3 (size before relaxing)
 .rodata.update.lto_priv.1.str1.4
                0x0001b5bc        0x0 /tmp/cciLCcLh.ltrans0.ltrans.o
                                 0x84 (size before relaxing)
 .rodata.update.lto_priv.4.str1.4
                0x0001b5bc        0x0 /tmp/cciLCcLh.ltrans0.ltrans.o
                                 0x1a (size before relaxing)
 .rodata.vga_clear.str1.4
                0x0001b5bc        0x0 /tmp/cciLCcLh.ltrans0.ltrans.o
                                  0x8 (size before relaxing)
 .rodata.init.lto_priv.0.str1.4
                0x0001b5bc        0x0 /tmp/cciLCcLh.ltrans0.ltrans.o
                                 0xa6 (size before relaxing)
 .rodata.init.lto_priv.1.str1.4
                0x0001b5bc        0x0 /tmp/cciLCcLh.ltrans0.ltrans.o
                                 0x8b (size before relaxing)
 .rodata.draw_page.str1.4
                0x0001b5bc        0x0 /tmp/cciLCcLh.ltrans0.ltrans.o
                                 0xd2 (size before relaxing)
 .rodata.cmd_bench.isra.0.str1.4
                0x0001b5bc        0x0 /tmp/cciLCcLh.ltrans0.ltrans.o
                                0x12f (size before relaxing)
 .rodata.input.lto_priv.2.str1.4
                0x0001b5bc        0x0 /tmp/cciLCcLh.ltrans0.ltrans.o
                                0x552 (size before relaxing)
 .rodata.log_maybe_roll.str1.4
                0x0001b5bc        0x0 /tmp/cciLCcLh.ltrans0.ltrans.o
                                 0x62 (size before relaxing)
 .rodata.print_status.str1.4
                0x0001b5bc        0x0 /tmp/cciLCcLh.ltrans0.ltrans.o
                                 0x56 (size before relaxing)
 .rodata.ps2_sync_leds.isra.0.str1.4
                0x0001b5bc        0x0 /tmp/cciLCcLh.ltrans0.ltrans.o
                                 0x35 (size before relaxing)
 .rodata.update.lto_priv.3.str1.4
                0x0001b5bc        0x0 /tmp/cciLCcLh.ltrans0.ltrans.o
                                0x147 (size before relaxing)
 .rodata.update.lto_priv.3
                0x0001b5bc      0x21c /tmp/cciLCcLh.ltrans0.ltrans.o
 .rodata.init.lto_priv.6.str1.4
                0x0001b7d8        0x0 /tmp/cciLCcLh.ltrans0.ltrans.o
                                0x1a3 (size before relaxing)
 .rodata.draw_header.str1.4
                0x0001b7d8        0x0 /tmp/cciLCcLh.ltrans0.ltrans.o
                                 0x55 (size before relaxing)
 .rodata.input.lto_priv.7.str1.4
                0x0001b7d8        0x0 /tmp/cciLCcLh.ltrans0.ltrans.o
                                0x460 (size before relaxing)
 .rodata.redraw.lto_priv.1.str1.4
                0x0001b7d8        0x0 /tmp/cciLCcLh.ltrans0.ltrans.o
                                0x7fd (size before relaxing)
 .rodata.redraw.lto_priv.1
                0x0001b7d8       0x4c /tmp/cciLCcLh.ltrans0.ltrans.o
 .rodata.board_status_init.str1.4
                0x0001b824        0x0 /tmp/cciLCcLh.ltrans0.ltrans.o
                                  0x1 (size before relaxing)
 .rodata.update.lto_priv.0.str1.4
                0x0001b824        0x0 /tmp/cciLCcLh.ltrans0.ltrans.o
                                 0x29 (size before relaxing)
 .rodata.draw_hud.str1.4
                0x0001b824        0x0 /tmp/cciLCcLh.ltrans0.ltrans.o
                                 0x8d (size before relaxing)
 .rodata.input.lto_priv.5.str1.4
                0x0001b824        0x0 /tmp/cciLCcLh.ltrans0.ltrans.o
                                0x18d (size before relaxing)
 .rodata.input.lto_priv.5
                0x0001b824      0x134 /tmp/cciLCcLh.ltrans0.ltrans.o
 .rodata.update.lto_priv.6.str1.4
                0x0001b958        0x0 /tmp/cciLCcLh.ltrans0.ltrans.o
                                0x14b (size before relaxing)
 .rodata.str1.4
                0x0001b958        0x0 /tmp/cciLCcLh.ltrans0.ltrans.o
                                0x9b4 (size before relaxing)
 .rodata.prog_demo
                0x0001b958       0x1c /tmp/cciLCcLh.ltrans0.ltrans.o
                0x0001b958                prog_demo
 .rodata.prog_monitor
                0x0001b974       0x1c /tmp/cciLCcLh.ltrans0.ltrans.o
                0x0001b974                prog_monitor
 .rodata.prog_info
                0x0001b990       0x1c /tmp/cciLCcLh.ltrans0.ltrans.o
                0x0001b990                prog_info
 .rodata.prog_life
                0x0001b9ac       0x1c /tmp/cciLCcLh.ltrans0.ltrans.o
                0x0001b9ac                prog_life
 .rodata.prog_snake
                0x0001b9c8       0x1c /tmp/cciLCcLh.ltrans0.ltrans.o
                0x0001b9c8                prog_snake
 .rodata.prog_ps2
                0x0001b9e4       0x1c /tmp/cciLCcLh.ltrans0.ltrans.o
                0x0001b9e4                prog_ps2
 .rodata.prog_crypto
                0x0001ba00       0x1c /tmp/cciLCcLh.ltrans0.ltrans.o
                0x0001ba00                prog_crypto
 .rodata.prog_memtest
                0x0001ba1c       0x1c /tmp/cciLCcLh.ltrans0.ltrans.o
                0x0001ba1c                prog_memtest
 .rodata.prog_hello
                0x0001ba38       0x1c /tmp/cciLCcLh.ltrans0.ltrans.o
                0x0001ba38                prog_hello
 .rodata.hex.1  0x0001ba54       0x11 /tmp/cciLCcLh.ltrans0.ltrans.o
 *fill*         0x0001ba65        0x3 
 .rodata.CSWTCH.21
                0x0001ba68       0x28 /tmp/cciLCcLh.ltrans0.ltrans.o
 .rodata.CSWTCH.23
                0x0001ba90       0x28 /tmp/cciLCcLh.ltrans0.ltrans.o
 .rodata.CSWTCH.25
                0x0001bab8       0x1c /tmp/cciLCcLh.ltrans0.ltrans.o
 .rodata.msg2_line1.1
                0x0001bad4       0x41 /tmp/cciLCcLh.ltrans0.ltrans.o
 *fill*         0x0001bb15        0x3 
 .rodata.msg2_line0.2
                0x0001bb18       0x44 /tmp/cciLCcLh.ltrans0.ltrans.o
 .rodata.msg1_line1.3
                0x0001bb5c       0x11 /tmp/cciLCcLh.ltrans0.ltrans.o
 *fill*         0x0001bb6d        0x3 
 .rodata.msg1_line0.4
                0x0001bb70       0x11 /tmp/cciLCcLh.ltrans0.ltrans.o
 *fill*         0x0001bb81        0x3 
 .rodata.msg0_line1.5
                0x0001bb84       0x11 /tmp/cciLCcLh.ltrans0.ltrans.o
 *fill*         0x0001bb95        0x3 
 .rodata.msg0_line0.6
                0x0001bb98       0x11 /tmp/cciLCcLh.ltrans0.ltrans.o
 *fill*         0x0001bba9        0x3 
 .rodata.exp_entries
                0x0001bbac       0xd8 /tmp/cciLCcLh.ltrans0.ltrans.o
 .rodata.reg_names
                0x0001bc84       0x80 /tmp/cciLCcLh.ltrans0.ltrans.o
 .rodata.CSWTCH.12
                0x0001bd04       0x80 /tmp/cciLCcLh.ltrans0.ltrans.o
 .rodata.sparse_words
                0x0001bd84       0x7c /tmp/cciLCcLh.ltrans0.ltrans.o
 .rodata.test_descs
                0x0001be00       0x14 /tmp/cciLCcLh.ltrans0.ltrans.o
 .rodata.test_names
                0x0001be14       0x14 /tmp/cciLCcLh.ltrans0.ltrans.o
 .rodata.hex.0.lto_priv.0
                0x0001be28       0x11 /tmp/cciLCcLh.ltrans0.ltrans.o
 *fill*         0x0001be39        0x3 
 .rodata.font_8x16
                0x0001be3c      0x800 build/gfx.c.o
 .rodata.render_taskbar.str1.4
                0x0001c63c        0x0 build/gui_widgets.c.o
                                  0x9 (size before relaxing)
 .rodata.gui_widget_setup
                0x0001c63c       0x18 build/gui_widgets.c.o
 .rodata.win30_init.str1.4
                0x0001c654        0x0 build/win30_desk.c.o
                                 0x83 (size before relaxing)
 .rodata.str1.4
                0x0001c654        0x0 build/win30_desk.c.o
                                 0x69 (size before relaxing)
 .rodata.prog_win30
                0x0001c654       0x1c build/win30_desk.c.o
                0x0001c654                prog_win30
 .rodata.icon_names
                0x0001c670       0x24 build/win30_desk.c.o
 .rodata.rcon   0x0001c694        0xb ../crypto_cli/build/crypto_aes.c.o
 *fill*         0x0001c69f        0x1 
 .rodata.inv_sbox
                0x0001c6a0      0x100 ../crypto_cli/build/crypto_aes.c.o
 .rodata.sbox   0x0001c7a0      0x100 ../crypto_cli/build/crypto_aes.c.o
 .rodata.sha512_k
                0x0001c8a0      0x280 ../crypto_cli/build/crypto_sha.c.o
 .rodata.sha256_k
                0x0001cb20      0x100 ../crypto_cli/build/crypto_sha.c.o
 .rodata.sm4_ck
                0x0001cc20       0x80 ../crypto_cli/build/crypto_sm.c.o
 .rodata.sm4_fk
                0x0001cca0       0x10 ../crypto_cli/build/crypto_sm.c.o
 .rodata.sm4_sbox
                0x0001ccb0      0x100 ../crypto_cli/build/crypto_sm.c.o
 .rodata.__neorv32_rte_puth.str1.4
                0x0001cdb0        0x0 ../crypto_cli/build/neorv32_rte.c.o
                                 0x11 (size before relaxing)
 .rodata.__neorv32_rte_panic.str1.4
                0x0001cdb0        0x0 ../crypto_cli/build/neorv32_rte.c.o
                                0x30b (size before relaxing)
 .rodata.__neorv32_rte_panic
                0x0001cdb0       0xa4 ../crypto_cli/build/neorv32_rte.c.o
 .rodata._ctype_
                0x0001ce54      0x101 /opt/riscv/bin/../lib/gcc/riscv-none-elf/14.3.0/../../../../riscv-none-elf/lib/rv32imc/ilp32/libc.a(libc_a-ctype_.o)
                0x0001ce54                _ctype_
 .rodata._svfprintf_r.str1.4
                0x0001cf55        0x0 /opt/riscv/bin/../lib/gcc/riscv-none-elf/14.3.0/../../../../riscv-none-elf/lib/rv32imc/ilp32/libc.a(libc_a-svfprintf.o)
                                 0x42 (size before relaxing)
 *fill*         0x0001cf55        0x3 
 .rodata._svfprintf_r
                0x0001cf58      0x204 /opt/riscv/bin/../lib/gcc/riscv-none-elf/14.3.0/../../../../riscv-none-elf/lib/rv32imc/ilp32/libc.a(libc_a-svfprintf.o)
 .rodata.zeroes.0
                0x0001d15c       0x10 /opt/riscv/bin/../lib/gcc/riscv-none-elf/14.3.0/../../../../riscv-none-elf/lib/rv32imc/ilp32/libc.a(libc_a-svfprintf.o)
 .rodata.blanks.1
                0x0001d16c       0x10 /opt/riscv/bin/../lib/gcc/riscv-none-elf/14.3.0/../../../../riscv-none-elf/lib/rv32imc/ilp32/libc.a(libc_a-svfprintf.o)
 .rodata.str1.4
                0x0001d17c        0x0 /opt/riscv/bin/../lib/gcc/riscv-none-elf/14.3.0/../../../../riscv-none-elf/lib/rv32imc/ilp32/libc.a(libc_a-locale.o)
                                 0x4c (size before relaxing)
 .rodata._dtoa_r.str1.4
                0x0001d17c        0x0 /opt/riscv/bin/../lib/gcc/riscv-none-elf/14.3.0/../../../../riscv-none-elf/lib/rv32imc/ilp32/libc.a(libc_a-dtoa.o)
                                 0xe1 (size before relaxing)
 .rodata.__multadd.str1.4
                0x0001d17c        0x0 /opt/riscv/bin/../lib/gcc/riscv-none-elf/14.3.0/../../../../riscv-none-elf/lib/rv32imc/ilp32/libc.a(libc_a-mprec.o)
                                 0xce (size before relaxing)
 .rodata.p05.0  0x0001d17c        0xc /opt/riscv/bin/../lib/gcc/riscv-none-elf/14.3.0/../../../../riscv-none-elf/lib/rv32imc/ilp32/libc.a(libc_a-mprec.o)
 .rodata.__mprec_bigtens
                0x0001d188       0x28 /opt/riscv/bin/../lib/gcc/riscv-none-elf/14.3.0/../../../../riscv-none-elf/lib/rv32imc/ilp32/libc.a(libc_a-mprec.o)
                0x0001d188                __mprec_bigtens
 .rodata.__mprec_tens
                0x0001d1b0       0xc8 /opt/riscv/bin/../lib/gcc/riscv-none-elf/14.3.0/../../../../riscv-none-elf/lib/rv32imc/ilp32/libc.a(libc_a-mprec.o)
                0x0001d1b0                __mprec_tens
 .rodata.__assert_func.str1.4
                0x0001d278        0x0 /opt/riscv/bin/../lib/gcc/riscv-none-elf/14.3.0/../../../../riscv-none-elf/lib/rv32imc/ilp32/libc.a(libc_a-assert.o)
                                 0x43 (size before relaxing)
 .rodata._vfiprintf_r.str1.4
                0x0001d278        0x0 /opt/riscv/bin/../lib/gcc/riscv-none-elf/14.3.0/../../../../riscv-none-elf/lib/rv32imc/ilp32/libc.a(libc_a-vfiprintf.o)
                                 0x2f (size before relaxing)
 .rodata._vfiprintf_r
                0x0001d278      0x16c /opt/riscv/bin/../lib/gcc/riscv-none-elf/14.3.0/../../../../riscv-none-elf/lib/rv32imc/ilp32/libc.a(libc_a-vfiprintf.o)
 .rodata.zeroes.0
                0x0001d3e4       0x10 /opt/riscv/bin/../lib/gcc/riscv-none-elf/14.3.0/../../../../riscv-none-elf/lib/rv32imc/ilp32/libc.a(libc_a-vfiprintf.o)
 .rodata.blanks.1
                0x0001d3f4       0x10 /opt/riscv/bin/../lib/gcc/riscv-none-elf/14.3.0/../../../../riscv-none-elf/lib/rv32imc/ilp32/libc.a(libc_a-vfiprintf.o)
 .rodata.__divdf3
                0x0001d404       0x40 /opt/riscv/bin/../lib/gcc/riscv-none-elf/14.3.0/rv32imc/ilp32/libgcc.a(divdf3.o)
 .rodata.__clz_tab
                0x0001d444      0x100 /opt/riscv/bin/../lib/gcc/riscv-none-elf/14.3.0/rv32imc/ilp32/libgcc.a(_clz.o)
                0x0001d444                __clz_tab
 *(.srodata .srodata.*)
 .srodata.CSWTCH.316
                0x0001d544        0x5 build/tasks.c.o
 *fill*         0x0001d549        0x3 
 .srodata.uxTopUsedPriority
                0x0001d54c        0x4 build/tasks.c.o
 .srodata.uxTimerIncrementsForOneTick
                0x0001d550        0x4 build/port.c.o
                0x0001d550                uxTimerIncrementsForOneTick
 .srodata.xISRStackTop
                0x0001d554        0x4 build/port.c.o
                0x0001d554                xISRStackTop
 .srodata.cst8  0x0001d558       0xa8 ../crypto_cli/build/crypto_sha.c.o
                                 0x40 (size before relaxing)
 .srodata.cst8  0x0001d600        0x0 /opt/riscv/bin/../lib/gcc/riscv-none-elf/14.3.0/../../../../riscv-none-elf/lib/rv32imc/ilp32/libc.a(libc_a-svfprintf.o)
                                 0x20 (size before relaxing)
 .srodata.cst8  0x0001d600        0x0 /opt/riscv/bin/../lib/gcc/riscv-none-elf/14.3.0/../../../../riscv-none-elf/lib/rv32imc/ilp32/libc.a(libm_a-s_frexp.o)
                                  0x8 (size before relaxing)
 .srodata.cst8  0x0001d600        0x0 /opt/riscv/bin/../lib/gcc/riscv-none-elf/14.3.0/../../../../riscv-none-elf/lib/rv32imc/ilp32/libc.a(libc_a-dtoa.o)
                                 0x48 (size before relaxing)
                0x0001d600                        . = ALIGN (0x4)
                [!provide]                        PROVIDE (__rodata_end = .)

.data           0x80000000      0x728 load address 0x0001d600
                [!provide]                        PROVIDE (__data_start = .)
                0x80000800                        __global_pointer$ = (. + 0x800)
 *(.data .data.* .data* .gnu.linkonce.d.*)
 .data.lcd_shadow
                0x80000000       0x22 /tmp/cciLCcLh.ltrans0.ltrans.o
 *fill*         0x80000022        0x6 
 .data._impure_data
                0x80000028      0x140 /opt/riscv/bin/../lib/gcc/riscv-none-elf/14.3.0/../../../../riscv-none-elf/lib/rv32imc/ilp32/libc.a(libc_a-impure.o)
                0x80000028                _impure_data
 .data.__malloc_av_
                0x80000168      0x408 /opt/riscv/bin/../lib/gcc/riscv-none-elf/14.3.0/../../../../riscv-none-elf/lib/rv32imc/ilp32/libc.a(libc_a-mallocr.o)
                0x80000168                __malloc_av_
 .data.__sglue  0x80000570        0xc /opt/riscv/bin/../lib/gcc/riscv-none-elf/14.3.0/../../../../riscv-none-elf/lib/rv32imc/ilp32/libc.a(libc_a-findfp.o)
                0x80000570                __sglue
 .data.__global_locale
                0x8000057c      0x16c /opt/riscv/bin/../lib/gcc/riscv-none-elf/14.3.0/../../../../riscv-none-elf/lib/rv32imc/ilp32/libc.a(libc_a-locale.o)
                0x8000057c                __global_locale
 *(.sdata .sdata.* .gnu.linkonce.s.*)
 .sdata.pxLastCommandInList.2
                0x800006e8        0x4 build/FreeRTOS_CLI.c.o
 .sdata.xRegisteredCommands
                0x800006ec        0x8 build/FreeRTOS_CLI.c.o
 .sdata.pxCriticalNesting
                0x800006f4        0x4 build/port.c.o
                0x800006f4                pxCriticalNesting
 .sdata.xCriticalNesting
                0x800006f8        0x4 build/port.c.o
                0x800006f8                xCriticalNesting
 .sdata.pullNextTime
                0x800006fc        0x4 build/port.c.o
                0x800006fc                pullNextTime
 .sdata.last_hw_channel
                0x80000700        0x4 /tmp/cciLCcLh.ltrans0.ltrans.o
 .sdata.selected_channel
                0x80000704        0x1 /tmp/cciLCcLh.ltrans0.ltrans.o
 *fill*         0x80000705        0x3 
 .sdata.typed_value
                0x80000708        0x4 /tmp/cciLCcLh.ltrans0.ltrans.o
 .sdata.history_nav
                0x8000070c        0x4 /tmp/cciLCcLh.ltrans0.ltrans.o
 .sdata.rng.lto_priv.1
                0x80000710        0x4 /tmp/cciLCcLh.ltrans0.ltrans.o
 .sdata.speed_ms.lto_priv.1
                0x80000714        0x4 /tmp/cciLCcLh.ltrans0.ltrans.o
 .sdata.rng.lto_priv.0
                0x80000718        0x4 /tmp/cciLCcLh.ltrans0.ltrans.o
 .sdata._impure_ptr
                0x8000071c        0x4 /opt/riscv/bin/../lib/gcc/riscv-none-elf/14.3.0/../../../../riscv-none-elf/lib/rv32imc/ilp32/libc.a(libc_a-impure.o)
                0x8000071c                _impure_ptr
 .sdata.__malloc_sbrk_base
                0x80000720        0x4 /opt/riscv/bin/../lib/gcc/riscv-none-elf/14.3.0/../../../../riscv-none-elf/lib/rv32imc/ilp32/libc.a(libc_a-mallocr.o)
                0x80000720                __malloc_sbrk_base
 .sdata.__malloc_trim_threshold
                0x80000724        0x4 /opt/riscv/bin/../lib/gcc/riscv-none-elf/14.3.0/../../../../riscv-none-elf/lib/rv32imc/ilp32/libc.a(libc_a-mallocr.o)
                0x80000724                __malloc_trim_threshold
 *(.tdata .tdata.* .gnu.linkonce.td.*)
                0x80000728                        . = ALIGN (0x4)
                [!provide]                        PROVIDE (__data_end = .)

.sdram_bss      0x80000728      0x100 load address 0x0001dd28
 .sdram_bss     0x80000728      0x100 build/main.c.o
                0x80000728                cOutputBuffer

.freertos_heap  0x80000830     0x4000 load address 0x0001de28
 .freertos_heap
                0x80000830     0x4000 build/rtos_memory.c.o
                0x80000830                ucHeap

.bss            0x80004830     0x4110 load address 0x00021e28
                [!provide]                        PROVIDE (__bss_start = .)
 *(.sbss .sbss* .sbss.* .gnu.linkonce.sb.*)
 .sbss.pxCommand.0
                0x80004830        0x4 build/FreeRTOS_CLI.c.o
 .sbss.pxCommand.1
                0x80004834        0x4 build/FreeRTOS_CLI.c.o
 .sbss.idle_count.0
                0x80004838        0x4 build/main.c.o
 .sbss.shell_line_pos
                0x8000483c        0x4 build/main.c.o
 .sbss.xActiveTask
                0x80004840        0x4 build/main.c.o
 .sbss.xVgaMutex
                0x80004844        0x4 build/main.c.o
 .sbss.xProgCmdQueue
                0x80004848        0x4 build/main.c.o
 .sbss.xInputQueue
                0x8000484c        0x4 build/main.c.o
 .sbss.cli_launch_req
                0x80004850        0x4 build/main.c.o
 .sbss.active_prog
                0x80004854        0x4 build/main.c.o
 .sbss.last_ir_cmd
                0x80004858        0x1 build/main.c.o
                0x80004858                last_ir_cmd
 *fill*         0x80004859        0x3 
 .sbss.ulTotalRunTime
                0x8000485c        0x4 build/tasks.c.o
 .sbss.ulTaskSwitchedInTime
                0x80004860        0x4 build/tasks.c.o
 .sbss.uxSchedulerSuspended
                0x80004864        0x4 build/tasks.c.o
 .sbss.xIdleTaskHandles
                0x80004868        0x4 build/tasks.c.o
 .sbss.xNextTaskUnblockTime
                0x8000486c        0x4 build/tasks.c.o
 .sbss.uxTaskNumber
                0x80004870        0x4 build/tasks.c.o
 .sbss.xNumOfOverflows
                0x80004874        0x4 build/tasks.c.o
 .sbss.xYieldPendings
                0x80004878        0x4 build/tasks.c.o
 .sbss.xPendedTicks
                0x8000487c        0x4 build/tasks.c.o
 .sbss.xSchedulerRunning
                0x80004880        0x4 build/tasks.c.o
 .sbss.uxTopReadyPriority
                0x80004884        0x4 build/tasks.c.o
 .sbss.xTickCount
                0x80004888        0x4 build/tasks.c.o
 .sbss.uxCurrentNumberOfTasks
                0x8000488c        0x4 build/tasks.c.o
 .sbss.uxDeletedTasksWaitingCleanUp
                0x80004890        0x4 build/tasks.c.o
 .sbss.pxOverflowDelayedTaskList
                0x80004894        0x4 build/tasks.c.o
 .sbss.pxDelayedTaskList
                0x80004898        0x4 build/tasks.c.o
 .sbss.pxCurrentTCB
                0x8000489c        0x4 build/tasks.c.o
                0x8000489c                pxCurrentTCB
 .sbss.xTaskReturnAddress
                0x800048a0        0x4 build/port.c.o
                0x800048a0                xTaskReturnAddress
 .sbss.pullMachineTimerCompareRegister
                0x800048a4        0x4 build/port.c.o
                0x800048a4                pullMachineTimerCompareRegister
 .sbss.ullNextTime
                0x800048a8        0x8 build/port.c.o
                0x800048a8                ullNextTime
 .sbss.xNumberOfSuccessfulFrees
                0x800048b0        0x4 build/heap_4.c.o
 .sbss.xNumberOfSuccessfulAllocations
                0x800048b4        0x4 build/heap_4.c.o
 .sbss.xMinimumEverFreeBytesRemaining
                0x800048b8        0x4 build/heap_4.c.o
 .sbss.xFreeBytesRemaining
                0x800048bc        0x4 build/heap_4.c.o
 .sbss.pxEnd    0x800048c0        0x4 build/heap_4.c.o
 .sbss.xStart   0x800048c4        0x8 build/heap_4.c.o
 .sbss.current_word
                0x800048cc        0x4 /tmp/cciLCcLh.ltrans0.ltrans.o
 .sbss.lcd_cache_valid
                0x800048d0        0x4 /tmp/cciLCcLh.ltrans0.ltrans.o
 .sbss.clear_epoch
                0x800048d4        0x4 /tmp/cciLCcLh.ltrans0.ltrans.o
 .sbss.ext_prefix.lto_priv.1
                0x800048d8        0x4 /tmp/cciLCcLh.ltrans0.ltrans.o
 .sbss.break_prefix.lto_priv.1
                0x800048dc        0x4 /tmp/cciLCcLh.ltrans0.ltrans.o
 .sbss.caps_lock.lto_priv.1
                0x800048e0        0x4 /tmp/cciLCcLh.ltrans0.ltrans.o
 .sbss.num_lock.lto_priv.1
                0x800048e4        0x4 /tmp/cciLCcLh.ltrans0.ltrans.o
 .sbss.scroll_lock.lto_priv.1
                0x800048e8        0x4 /tmp/cciLCcLh.ltrans0.ltrans.o
 .sbss.ctrl_l.lto_priv.1
                0x800048ec        0x4 /tmp/cciLCcLh.ltrans0.ltrans.o
 .sbss.ctrl_r.lto_priv.1
                0x800048f0        0x4 /tmp/cciLCcLh.ltrans0.ltrans.o
 .sbss.shift_l.lto_priv.1
                0x800048f4        0x4 /tmp/cciLCcLh.ltrans0.ltrans.o
 .sbss.shift_r.lto_priv.1
                0x800048f8        0x4 /tmp/cciLCcLh.ltrans0.ltrans.o
 .sbss.active.lto_priv.1
                0x800048fc        0x4 /tmp/cciLCcLh.ltrans0.ltrans.o
 .sbss.have_monitor
                0x80004900        0x4 /tmp/cciLCcLh.ltrans0.ltrans.o
 .sbss.dirty    0x80004904        0x4 /tmp/cciLCcLh.ltrans0.ltrans.o
 .sbss.running  0x80004908        0x4 /tmp/cciLCcLh.ltrans0.ltrans.o
 .sbss.exp9_have_byte
                0x8000490c        0x4 /tmp/cciLCcLh.ltrans0.ltrans.o
 .sbss.exp9_last_rx
                0x80004910        0x1 /tmp/cciLCcLh.ltrans0.ltrans.o
 .sbss.exp9_last_tx
                0x80004911        0x1 /tmp/cciLCcLh.ltrans0.ltrans.o
 *fill*         0x80004912        0x2 
 .sbss.exp9_rx_count
                0x80004914        0x4 /tmp/cciLCcLh.ltrans0.ltrans.o
 .sbss.exp12_hist_count
                0x80004918        0x4 /tmp/cciLCcLh.ltrans0.ltrans.o
 .sbss.history_count
                0x8000491c        0x4 /tmp/cciLCcLh.ltrans0.ltrans.o
 .sbss.esc_state.lto_priv.2
                0x80004920        0x4 /tmp/cciLCcLh.ltrans0.ltrans.o
 .sbss.active.lto_priv.0
                0x80004924        0x4 /tmp/cciLCcLh.ltrans0.ltrans.o
 .sbss.pos      0x80004928        0x4 /tmp/cciLCcLh.ltrans0.ltrans.o
 .sbss.done.lto_priv.4
                0x8000492c        0x4 /tmp/cciLCcLh.ltrans0.ltrans.o
 .sbss.initialized.lto_priv.1
                0x80004930        0x4 /tmp/cciLCcLh.ltrans0.ltrans.o
 .sbss.esc_state.lto_priv.1
                0x80004934        0x4 /tmp/cciLCcLh.ltrans0.ltrans.o
 .sbss.frame_count.lto_priv.1
                0x80004938        0x4 /tmp/cciLCcLh.ltrans0.ltrans.o
 .sbss.edit_mode
                0x8000493c        0x4 /tmp/cciLCcLh.ltrans0.ltrans.o
 .sbss.cursor_y
                0x80004940        0x4 /tmp/cciLCcLh.ltrans0.ltrans.o
 .sbss.cursor_x
                0x80004944        0x4 /tmp/cciLCcLh.ltrans0.ltrans.o
 .sbss.gen      0x80004948        0x4 /tmp/cciLCcLh.ltrans0.ltrans.o
 .sbss.initialized.lto_priv.0
                0x8000494c        0x4 /tmp/cciLCcLh.ltrans0.ltrans.o
 .sbss.frame_count.lto_priv.0
                0x80004950        0x4 /tmp/cciLCcLh.ltrans0.ltrans.o
 .sbss.speed_ms.lto_priv.0
                0x80004954        0x4 /tmp/cciLCcLh.ltrans0.ltrans.o
 .sbss.game_over
                0x80004958        0x4 /tmp/cciLCcLh.ltrans0.ltrans.o
 .sbss.score    0x8000495c        0x4 /tmp/cciLCcLh.ltrans0.ltrans.o
 .sbss.dir_y    0x80004960        0x4 /tmp/cciLCcLh.ltrans0.ltrans.o
 .sbss.dir_x    0x80004964        0x4 /tmp/cciLCcLh.ltrans0.ltrans.o
 .sbss.snake_len
                0x80004968        0x4 /tmp/cciLCcLh.ltrans0.ltrans.o
 .sbss.food_y   0x8000496c        0x4 /tmp/cciLCcLh.ltrans0.ltrans.o
 .sbss.food_x   0x80004970        0x4 /tmp/cciLCcLh.ltrans0.ltrans.o
 .sbss.scroll_lock.lto_priv.0